C:\Users\Lauta\Documents\MCUXpressoIDE_11.6.1_8255\workspace\FlexCAN_Interrupciones\CMSIS/core_cm4.h:1679:22:__NVIC_EnableIRQ	16	static
C:\Users\Lauta\Documents\MCUXpressoIDE_11.6.1_8255\workspace\FlexCAN_Interrupciones\drivers/fsl_common_arm.h:499:24:EnableIRQ	24	static
C:\Users\Lauta\Documents\MCUXpressoIDE_11.6.1_8255\workspace\FlexCAN_Interrupciones\drivers/fsl_pit.h:159:20:PIT_EnableInterrupts	24	static
C:\Users\Lauta\Documents\MCUXpressoIDE_11.6.1_8255\workspace\FlexCAN_Interrupciones\drivers/fsl_pit.h:246:20:PIT_SetTimerPeriod	24	static
C:\Users\Lauta\Documents\MCUXpressoIDE_11.6.1_8255\workspace\FlexCAN_Interrupciones\drivers/fsl_pit.h:288:20:PIT_StartTimer	16	static
../board/peripherals.c:211:13:CAN0_init	8	static
../board/peripherals.c:262:13:PIT_init	8	static
../board/peripherals.c:278:6:BOARD_InitPeripherals	8	static
../board/peripherals.c:288:6:BOARD_InitBootPeripherals	8	static
