Archive member included to satisfy reference by file (symbol)

d:/nxp/mcuxpressoide_11.6.1_8255/ide/plugins/com.nxp.mcuxpresso.tools.win32_11.6.1.202207200623/tools/bin/../lib/gcc/arm-none-eabi/10.3.1/../../../../arm-none-eabi/lib/thumb/v7e-m+fp/hard\libcr_nohost_nf.a(_cr__main.o)
                              ./startup/startup_mk64f12.o (__main)
d:/nxp/mcuxpressoide_11.6.1_8255/ide/plugins/com.nxp.mcuxpresso.tools.win32_11.6.1.202207200623/tools/bin/../lib/gcc/arm-none-eabi/10.3.1/../../../../arm-none-eabi/lib/thumb/v7e-m+fp/hard\libcr_nohost_nf.a(_cr_assert.o)
                              ./drivers/fsl_adc16.o (__assertion_failed)
d:/nxp/mcuxpressoide_11.6.1_8255/ide/plugins/com.nxp.mcuxpresso.tools.win32_11.6.1.202207200623/tools/bin/../lib/gcc/arm-none-eabi/10.3.1/../../../../arm-none-eabi/lib/thumb/v7e-m+fp/hard\libcr_nohost_nf.a(__ciob.o)
                              d:/nxp/mcuxpressoide_11.6.1_8255/ide/plugins/com.nxp.mcuxpresso.tools.win32_11.6.1.202207200623/tools/bin/../lib/gcc/arm-none-eabi/10.3.1/../../../../arm-none-eabi/lib/thumb/v7e-m+fp/hard\libcr_nohost_nf.a(_cr_assert.o) (__Ciob)
d:/nxp/mcuxpressoide_11.6.1_8255/ide/plugins/com.nxp.mcuxpresso.tools.win32_11.6.1.202207200623/tools/bin/../lib/gcc/arm-none-eabi/10.3.1/../../../../arm-none-eabi/lib/thumb/v7e-m+fp/hard\libcr_nohost_nf.a(__sys_appexit.o)
                              d:/nxp/mcuxpressoide_11.6.1_8255/ide/plugins/com.nxp.mcuxpresso.tools.win32_11.6.1.202207200623/tools/bin/../lib/gcc/arm-none-eabi/10.3.1/../../../../arm-none-eabi/lib/thumb/v7e-m+fp/hard\libcr_nohost_nf.a(_cr_assert.o) (__sys_appexit)
d:/nxp/mcuxpressoide_11.6.1_8255/ide/plugins/com.nxp.mcuxpresso.tools.win32_11.6.1.202207200623/tools/bin/../lib/gcc/arm-none-eabi/10.3.1/../../../../arm-none-eabi/lib/thumb/v7e-m+fp/hard\libcr_c.a(memcpy.o)
                              ./utilities/fsl_str.o (memcpy)
d:/nxp/mcuxpressoide_11.6.1_8255/ide/plugins/com.nxp.mcuxpresso.tools.win32_11.6.1.202207200623/tools/bin/../lib/gcc/arm-none-eabi/10.3.1/../../../../arm-none-eabi/lib/thumb/v7e-m+fp/hard\libcr_c.a(memset.o)
                              ./utilities/fsl_debug_console.o (memset)
d:/nxp/mcuxpressoide_11.6.1_8255/ide/plugins/com.nxp.mcuxpresso.tools.win32_11.6.1.202207200623/tools/bin/../lib/gcc/arm-none-eabi/10.3.1/../../../../arm-none-eabi/lib/thumb/v7e-m+fp/hard\libcr_c.a(_deferredlazyseek.o)
                              d:/nxp/mcuxpressoide_11.6.1_8255/ide/plugins/com.nxp.mcuxpresso.tools.win32_11.6.1.202207200623/tools/bin/../lib/gcc/arm-none-eabi/10.3.1/../../../../arm-none-eabi/lib/thumb/v7e-m+fp/hard\libcr_nohost_nf.a(_cr_assert.o) (__flsbuf)
d:/nxp/mcuxpressoide_11.6.1_8255/ide/plugins/com.nxp.mcuxpresso.tools.win32_11.6.1.202207200623/tools/bin/../lib/gcc/arm-none-eabi/10.3.1/../../../../arm-none-eabi/lib/thumb/v7e-m+fp/hard\libcr_c.a(_fflush.o)
                              d:/nxp/mcuxpressoide_11.6.1_8255/ide/plugins/com.nxp.mcuxpresso.tools.win32_11.6.1.202207200623/tools/bin/../lib/gcc/arm-none-eabi/10.3.1/../../../../arm-none-eabi/lib/thumb/v7e-m+fp/hard\libcr_c.a(_deferredlazyseek.o) (_fflush)
d:/nxp/mcuxpressoide_11.6.1_8255/ide/plugins/com.nxp.mcuxpresso.tools.win32_11.6.1.202207200623/tools/bin/../lib/gcc/arm-none-eabi/10.3.1/../../../../arm-none-eabi/lib/thumb/v7e-m+fp/hard\libcr_c.a(_writebuf.o)
                              d:/nxp/mcuxpressoide_11.6.1_8255/ide/plugins/com.nxp.mcuxpresso.tools.win32_11.6.1.202207200623/tools/bin/../lib/gcc/arm-none-eabi/10.3.1/../../../../arm-none-eabi/lib/thumb/v7e-m+fp/hard\libcr_c.a(_deferredlazyseek.o) (_Cwritebuf)
d:/nxp/mcuxpressoide_11.6.1_8255/ide/plugins/com.nxp.mcuxpresso.tools.win32_11.6.1.202207200623/tools/bin/../lib/gcc/arm-none-eabi/10.3.1/../../../../arm-none-eabi/lib/thumb/v7e-m+fp/hard\libcr_c.a(alloc.o)
                              ./drivers/fsl_common.o (malloc)
d:/nxp/mcuxpressoide_11.6.1_8255/ide/plugins/com.nxp.mcuxpresso.tools.win32_11.6.1.202207200623/tools/bin/../lib/gcc/arm-none-eabi/10.3.1/../../../../arm-none-eabi/lib/thumb/v7e-m+fp/hard\libcr_c.a(errno.o)
                              ./utilities/fsl_str.o (errno)
d:/nxp/mcuxpressoide_11.6.1_8255/ide/plugins/com.nxp.mcuxpresso.tools.win32_11.6.1.202207200623/tools/bin/../lib/gcc/arm-none-eabi/10.3.1/../../../../arm-none-eabi/lib/thumb/v7e-m+fp/hard\libcr_c.a(fputs.o)
                              d:/nxp/mcuxpressoide_11.6.1_8255/ide/plugins/com.nxp.mcuxpresso.tools.win32_11.6.1.202207200623/tools/bin/../lib/gcc/arm-none-eabi/10.3.1/../../../../arm-none-eabi/lib/thumb/v7e-m+fp/hard\libcr_nohost_nf.a(_cr_assert.o) (fputs)
d:/nxp/mcuxpressoide_11.6.1_8255/ide/plugins/com.nxp.mcuxpresso.tools.win32_11.6.1.202207200623/tools/bin/../lib/gcc/arm-none-eabi/10.3.1/../../../../arm-none-eabi/lib/thumb/v7e-m+fp/hard\libcr_c.a(fseek.o)
[...]
Memory Configuration

Name             Origin             Length             Attributes
PROGRAM_FLASH    0x00000000         0x00100000         xr
SRAM_UPPER       0x20000000         0x00030000         xrw
SRAM_LOWER       0x1fff0000         0x00010000         xrw
FLEX_RAM         0x14000000         0x00001000         xrw
*default*        0x00000000         0xffffffff

Linker script and memory map

LOAD ./utilities/fsl_debug_console.o
LOAD ./utilities/fsl_str.o
LOAD ./startup/startup_mk64f12.o
LOAD ./source/FlexCAN_Interrupciones.o
LOAD ./source/semihost_hardfault.o
LOAD ./drivers/fsl_adc16.o
LOAD ./drivers/fsl_clock.o
LOAD ./drivers/fsl_common.o
LOAD ./drivers/fsl_common_arm.o
LOAD ./drivers/fsl_flexcan.o
LOAD ./drivers/fsl_gpio.o
LOAD ./drivers/fsl_i2c.o
LOAD ./drivers/fsl_pit.o
LOAD ./drivers/fsl_smc.o
LOAD ./drivers/fsl_uart.o
LOAD ./device/system_MK64F12.o
LOAD ./component/uart/fsl_adapter_uart.o
LOAD ./component/serial_manager/fsl_component_serial_manager.o
LOAD ./component/serial_manager/fsl_component_serial_port_uart.o
LOAD ./component/lists/fsl_component_generic_list.o
LOAD ./board/board.o
LOAD ./board/clock_config.o
LOAD ./board/peripherals.o
LOAD ./board/pin_mux.o
START GROUP
LOAD d:/nxp/mcuxpressoide_11.6.1_8255/ide/plugins/com.nxp.mcuxpresso.tools.win32_11.6.1.202207200623/tools/bin/../lib/gcc/arm-none-eabi/10.3.1/../../../../arm-none-eabi/lib/thumb/v7e-m+fp/hard\libcr_nohost_nf.a
LOAD d:/nxp/mcuxpressoide_11.6.1_8255/ide/plugins/com.nxp.mcuxpresso.tools.win32_11.6.1.202207200623/tools/bin/../lib/gcc/arm-none-eabi/10.3.1/../../../../arm-none-eabi/lib/thumb/v7e-m+fp/hard\libcr_c.a
LOAD d:/nxp/mcuxpressoide_11.6.1_8255/ide/plugins/com.nxp.mcuxpresso.tools.win32_11.6.1.202207200623/tools/bin/../lib/gcc/arm-none-eabi/10.3.1/thumb/v7e-m+fp/hard\libcr_eabihelpers.a
LOAD d:/nxp/mcuxpressoide_11.6.1_8255/ide/plugins/com.nxp.mcuxpresso.tools.win32_11.6.1.202207200623/tools/bin/../lib/gcc/arm-none-eabi/10.3.1/thumb/v7e-m+fp/hard\libgcc.a
END GROUP
                0x00000000                __base_PROGRAM_FLASH = 0x0
                0x00000000                __base_Flash = 0x0
                0x00100000                __top_PROGRAM_FLASH = 0x100000
                0x00100000                __top_Flash = 0x100000
                0x20000000                __base_SRAM_UPPER = 0x20000000
                0x20000000                __base_RAM = 0x20000000
                0x20030000                __top_SRAM_UPPER = 0x20030000
                0x20030000                __top_RAM = 0x20030000
                0x1fff0000                __base_SRAM_LOWER = 0x1fff0000
                0x1fff0000                __base_RAM2 = 0x1fff0000
                0x20000000                __top_SRAM_LOWER = 0x20000000
                0x20000000                __top_RAM2 = 0x20000000
                0x14000000                __base_FLEX_RAM = 0x14000000
                0x14000000                __base_RAM3 = 0x14000000
                0x14001000                __top_FLEX_RAM = 0x14001000
                0x14001000                __top_RAM3 = 0x14001000

.text           0x00000000     0x4a00
 FILL mask 0xff
                0x00000000                __vectors_start__ = ABSOLUTE (.)
 *(SORT_BY_ALIGNMENT(.isr_vector))
 .isr_vector    0x00000000      0x198 ./startup/startup_mk64f12.o
                0x00000000                g_pfnVectors
                0x00000000                __Vectors
                0x00000198                . = ALIGN (0x4)
                0x00000198                __section_table_start = .
                0x00000198                __data_section_table = .
                0x00000198        0x4 LONG 0x4a00 LOADADDR (.data)
                0x0000019c        0x4 LONG 0x20000000 ADDR (.data)
                0x000001a0        0x4 LONG 0x10 SIZEOF (.data)
                0x000001a4        0x4 LONG 0x4a00 LOADADDR (.data_RAM2)
                0x000001a8        0x4 LONG 0x1fff0000 ADDR (.data_RAM2)
                0x000001ac        0x4 LONG 0x0 SIZEOF (.data_RAM2)
                0x000001b0        0x4 LONG 0x4a00 LOADADDR (.data_RAM3)
                0x000001b4        0x4 LONG 0x14000000 ADDR (.data_RAM3)
                0x000001b8        0x4 LONG 0x0 SIZEOF (.data_RAM3)
                0x000001bc                __data_section_table_end = .
                0x000001bc                __bss_section_table = .
                0x000001bc        0x4 LONG 0x20000010 ADDR (.bss)
                0x000001c0        0x4 LONG 0x158 SIZEOF (.bss)
                0x000001c4        0x4 LONG 0x1fff0000 ADDR (.bss_RAM2)
                0x000001c8        0x4 LONG 0x0 SIZEOF (.bss_RAM2)
                0x000001cc        0x4 LONG 0x14000000 ADDR (.bss_RAM3)
                0x000001d0        0x4 LONG 0x0 SIZEOF (.bss_RAM3)
                0x000001d4                __bss_section_table_end = .
                0x000001d4                __section_table_end = .
 *(SORT_BY_ALIGNMENT(.after_vectors*))
 .after_vectors.reset
                0x000001d4       0x4c ./startup/startup_mk64f12.o
                0x000001d4                ResetISR
 .after_vectors.init_data
                0x00000220       0x1e ./startup/startup_mk64f12.o
                0x00000220                data_init
 .after_vectors.init_bss
                0x0000023e       0x12 ./startup/startup_mk64f12.o
                0x0000023e                bss_init
 .after_vectors
                0x00000250       0x14 ./startup/startup_mk64f12.o
                0x00000250                NMI_Handler
                0x00000254                MemManage_Handler
                0x00000256                BusFault_Handler
                0x00000258                UsageFault_Handler
                0x0000025a                SVC_Handler
                0x0000025c                DebugMon_Handler
                0x0000025e                PendSV_Handler
                0x00000260                SysTick_Handler
                0x00000262                DMA_Error_DriverIRQHandler
                0x00000262                LPTMR0_DriverIRQHandler
                0x00000262                FTM1_DriverIRQHandler
                0x00000262                FTM2_DriverIRQHandler
                0x00000262                PIT2_DriverIRQHandler
                0x00000262                SDHC_DriverIRQHandler
                0x00000262                I2S0_Tx_DriverIRQHandler
                0x00000262                RTC_Seconds_DriverIRQHandler
                0x00000262                DMA6_DriverIRQHandler
                0x00000262                LLWU_DriverIRQHandler
                0x00000262                MCM_DriverIRQHandler
                0x00000262                MCG_DriverIRQHandler
                0x00000262                ENET_1588_Timer_DriverIRQHandler
                0x00000262                DAC1_DriverIRQHandler
                0x00000262                SPI1_DriverIRQHandler
                0x00000262                CMP1_DriverIRQHandler
                0x00000262                FTM0_DriverIRQHandler
                0x00000262                IntDefaultHandler
                0x00000262                USB0_DriverIRQHandler
                0x00000262                UART5_ERR_DriverIRQHandler
                0x00000262                PORTC_DriverIRQHandler
                0x00000262                DMA11_DriverIRQHandler
                0x00000262                DAC0_DriverIRQHandler
                0x00000262                DMA10_DriverIRQHandler
                0x00000262                CMP2_DriverIRQHandler
                0x00000262                UART2_ERR_DriverIRQHandler
                0x00000262                SPI2_DriverIRQHandler
                0x00000262                LVD_LVW_DriverIRQHandler
                0x00000262                DMA12_DriverIRQHandler
                0x00000262                RNG_DriverIRQHandler
                0x00000262                DMA5_DriverIRQHandler
                0x00000262                DMA4_DriverIRQHandler
                0x00000262                USBDCD_DriverIRQHandler
                0x00000262                UART3_ERR_DriverIRQHandler
                0x00000262                DMA3_DriverIRQHandler
                0x00000262                DMA8_DriverIRQHandler
                0x00000262                DMA9_DriverIRQHandler
                0x00000262                UART0_ERR_DriverIRQHandler
                0x00000262                CMT_DriverIRQHandler
                0x00000262                Reserved71_DriverIRQHandler
                0x00000262                ADC1_DriverIRQHandler
                0x00000262                PORTA_DriverIRQHandler
                0x00000262                DMA14_DriverIRQHandler
                0x00000262                PIT3_DriverIRQHandler
                0x00000262                PIT1_DriverIRQHandler
                0x00000262                WDOG_EWM_DriverIRQHandler
                0x00000262                PDB0_DriverIRQHandler
                0x00000262                RTC_DriverIRQHandler
                0x00000262                I2S0_Rx_DriverIRQHandler
                0x00000262                Read_Collision_DriverIRQHandler
                0x00000262                SWI_DriverIRQHandler
                0x00000262                UART4_ERR_DriverIRQHandler
                0x00000262                PORTB_DriverIRQHandler
                0x00000262                UART0_LON_DriverIRQHandler
                0x00000262                DMA0_DriverIRQHandler
                0x00000262                DMA1_DriverIRQHandler
                0x00000262                ENET_Receive_DriverIRQHandler
                0x00000262                DMA13_DriverIRQHandler
                0x00000262                ENET_Error_DriverIRQHandler
                0x00000262                DMA15_DriverIRQHandler
                0x00000262                SPI0_DriverIRQHandler
                0x00000262                ADC0_DriverIRQHandler
                0x00000262                CMP0_DriverIRQHandler
                0x00000262                FTM3_DriverIRQHandler
                0x00000262                PIT0_DriverIRQHandler
                0x00000262                UART1_ERR_DriverIRQHandler
                0x00000262                DMA2_DriverIRQHandler
                0x00000262                ENET_Transmit_DriverIRQHandler
                0x00000262                PORTD_DriverIRQHandler
                0x00000262                PORTE_DriverIRQHandler
                0x00000262                FTFE_DriverIRQHandler
                0x00000262                DMA7_DriverIRQHandler
                0x00000400                . = 0x400
 *fill*         0x00000264      0x19c ff
                0x00000400                PROVIDE (__FLASH_CONFIG_START__ = .)
 *(SORT_BY_ALIGNMENT(.FlashConfig))
 .FlashConfig   0x00000400       0x10 ./startup/startup_mk64f12.o
                0x00000400                Flash_Config
                0x00000410                PROVIDE (__FLASH_CONFIG_END__ = .)
                0x00000001                ASSERT (! ((__FLASH_CONFIG_START__ == __FLASH_CONFIG_END__)), Linker Flash Config Support Enabled, but no .FlashConfig section provided within application)
 *(SORT_BY_ALIGNMENT(.text*))
 .text.DbgConsole_SendDataReliable
                0x00000410       0x54 ./utilities/fsl_debug_console.o
                0x00000410                DbgConsole_SendDataReliable
 .text.DbgConsole_Init
                0x00000464      0x118 ./utilities/fsl_debug_console.o
                0x00000464                DbgConsole_Init
 .text.DbgConsole_Vprintf
                0x0000057c       0x6c ./utilities/fsl_debug_console.o
                0x0000057c                DbgConsole_Vprintf
 .text.main     0x000005e8      0x190 ./source/FlexCAN_Interrupciones.o
                0x000005e8                main
 .text.PIT0_IRQHandler
                0x00000778       0x5c ./source/FlexCAN_Interrupciones.o
                0x00000778                PIT0_IRQHandler
 .text.CAN0_ORed_Message_buffer_IRQHandler
                0x000007d4       0xb8 ./source/FlexCAN_Interrupciones.o
                0x000007d4                CAN0_ORed_Message_buffer_IRQHandler
 .text.CLOCK_SetEr32kClock
                0x0000088c       0x30 ./drivers/fsl_clock.o
 .text.CLOCK_SetPllFllSelClock
                0x000008bc       0x38 ./drivers/fsl_clock.o
 .text.CLOCK_GetMcgExtClkFreq
                0x000008f4       0x7c ./drivers/fsl_clock.o
 .text.CLOCK_GetFllExtRefClkFreq
                0x00000970       0xb0 ./drivers/fsl_clock.o
 .text.CLOCK_GetInternalRefClkSelectFreq
                0x00000a20       0x4c ./drivers/fsl_clock.o
 .text.CLOCK_GetFllRefClkFreq
                0x00000a6c       0x34 ./drivers/fsl_clock.o
 .text.CLOCK_GetOscRangeFromFreq
                0x00000aa0       0x3c ./drivers/fsl_clock.o
 .text.CLOCK_GetCoreSysClkFreq
                0x00000adc       0x28 ./drivers/fsl_clock.o
                0x00000adc                CLOCK_GetCoreSysClkFreq
 .text.CLOCK_SetSimConfig
                0x00000b04       0x34 ./drivers/fsl_clock.o
                0x00000b04                CLOCK_SetSimConfig
 .text.CLOCK_EnableUsbfs0Clock
                0x00000b38      0x108 ./drivers/fsl_clock.o
                0x00000b38                CLOCK_EnableUsbfs0Clock
 .text.CLOCK_GetOutClkFreq
                0x00000c40       0x64 ./drivers/fsl_clock.o
                0x00000c40                CLOCK_GetOutClkFreq
 .text.CLOCK_GetFllFreq
                0x00000ca4       0x84 ./drivers/fsl_clock.o
                0x00000ca4                CLOCK_GetFllFreq
 .text.CLOCK_GetPll0Freq
                0x00000d28       0x78 ./drivers/fsl_clock.o
                0x00000d28                CLOCK_GetPll0Freq
 .text.CLOCK_SetExternalRefClkConfig
                0x00000da0       0x6c ./drivers/fsl_clock.o
                0x00000da0                CLOCK_SetExternalRefClkConfig
 .text.CLOCK_SetInternalRefClkConfig
                0x00000e0c      0x104 ./drivers/fsl_clock.o
                0x00000e0c                CLOCK_SetInternalRefClkConfig
 .text.CLOCK_EnablePll0
                0x00000f10       0x88 ./drivers/fsl_clock.o
                0x00000f10                CLOCK_EnablePll0
 .text.CLOCK_InitOsc0
                0x00000f98       0x8c ./drivers/fsl_clock.o
                0x00000f98                CLOCK_InitOsc0
 .text.CLOCK_SetPbeMode
                0x00001024       0xa8 ./drivers/fsl_clock.o
                0x00001024                CLOCK_SetPbeMode
 .text.CLOCK_BootToPeeMode
                0x000010cc       0x64 ./drivers/fsl_clock.o
                0x000010cc                CLOCK_BootToPeeMode
 .text.FLEXCAN_GetInstance
                0x00001130       0x44 ./drivers/fsl_flexcan.o
                0x00001130                FLEXCAN_GetInstance
 .text.FLEXCAN_Reset
                0x00001174       0xbc ./drivers/fsl_flexcan.o
 .text.FLEXCAN_SetBitRate
                0x00001230       0xb0 ./drivers/fsl_flexcan.o
 .text.FLEXCAN_Init
                0x000012e0      0x1a0 ./drivers/fsl_flexcan.o
                0x000012e0                FLEXCAN_Init
 .text.FLEXCAN_SetTimingConfig
                0x00001480       0x7c ./drivers/fsl_flexcan.o
                0x00001480                FLEXCAN_SetTimingConfig
 .text.FLEXCAN_SetTxMbConfig
                0x000014fc       0xa4 ./drivers/fsl_flexcan.o
                0x000014fc                FLEXCAN_SetTxMbConfig
 .text.FLEXCAN_SetRxMbConfig
                0x000015a0       0xf8 ./drivers/fsl_flexcan.o
                0x000015a0                FLEXCAN_SetRxMbConfig
 .text.FLEXCAN_WriteTxMb
                0x00001698      0x148 ./drivers/fsl_flexcan.o
                0x00001698                FLEXCAN_WriteTxMb
 .text.FLEXCAN_ReadRxMb
                0x000017e0      0x124 ./drivers/fsl_flexcan.o
                0x000017e0                FLEXCAN_ReadRxMb
 .text.CAN0_DriverIRQHandler
                0x00001904       0x3c ./drivers/fsl_flexcan.o
                0x00001904                CAN0_DriverIRQHandler
 .text.I2C_TransferCommonIRQHandler
                0x00001940       0x58 ./drivers/fsl_i2c.o
 .text.I2C0_DriverIRQHandler
                0x00001998       0x1c ./drivers/fsl_i2c.o
                0x00001998                I2C0_DriverIRQHandler
 .text.I2C1_DriverIRQHandler
                0x000019b4       0x1c ./drivers/fsl_i2c.o
                0x000019b4                I2C1_DriverIRQHandler
 .text.I2C2_DriverIRQHandler
                0x000019d0       0x1c ./drivers/fsl_i2c.o
                0x000019d0                I2C2_DriverIRQHandler
 .text.PIT_GetInstance
                0x000019ec       0x44 ./drivers/fsl_pit.o
 .text.PIT_Init
                0x00001a30       0x94 ./drivers/fsl_pit.o
                0x00001a30                PIT_Init
 .text.UART_GetInstance
                0x00001ac4       0x54 ./drivers/fsl_uart.o
                0x00001ac4                UART_GetInstance
 .text.UART_Init
                0x00001b18      0x2f4 ./drivers/fsl_uart.o
                0x00001b18                UART_Init
 .text.UART_GetDefaultConfig
                0x00001e0c       0x68 ./drivers/fsl_uart.o
                0x00001e0c                UART_GetDefaultConfig
 .text.UART0_DriverIRQHandler
                0x00001e74       0x28 ./drivers/fsl_uart.o
                0x00001e74                UART0_DriverIRQHandler
 .text.UART1_DriverIRQHandler
                0x00001e9c       0x28 ./drivers/fsl_uart.o
                0x00001e9c                UART1_DriverIRQHandler
 .text.UART2_DriverIRQHandler
                0x00001ec4       0x28 ./drivers/fsl_uart.o
                0x00001ec4                UART2_DriverIRQHandler
 .text.UART3_DriverIRQHandler
                0x00001eec       0x28 ./drivers/fsl_uart.o
                0x00001eec                UART3_DriverIRQHandler
 .text.UART4_DriverIRQHandler
                0x00001f14       0x28 ./drivers/fsl_uart.o
                0x00001f14                UART4_DriverIRQHandler
 .text.UART5_DriverIRQHandler
                0x00001f3c       0x28 ./drivers/fsl_uart.o
                0x00001f3c                UART5_DriverIRQHandler
 .text.SystemInit
                0x00001f64       0x3c ./device/system_MK64F12.o
                0x00001f64                SystemInit
 .text.HAL_UartInit
                0x00001fa0      0x128 ./component/uart/fsl_adapter_uart.o
                0x00001fa0                HAL_UartInit
 .text.HAL_UartSendBlocking
                0x000020c8       0x64 ./component/uart/fsl_adapter_uart.o
                0x000020c8                HAL_UartSendBlocking
 .text.CLOCK_SetSdhc0Clock
                0x0000212c       0x38 ./board/clock_config.o
 .text.CLOCK_SetEnetTime0Clock
                0x00002164       0x38 ./board/clock_config.o
 .text.CLOCK_SetRmii0Clock
                0x0000219c       0x38 ./board/clock_config.o
 .text.CLOCK_SetTraceClock
                0x000021d4       0x38 ./board/clock_config.o
 .text.CLOCK_SetClkOutClock
                0x0000220c       0x34 ./board/clock_config.o
 .text.CLOCK_SetSimSafeDivs
                0x00002240       0x20 ./board/clock_config.o
 .text.CLOCK_SetXtal0Freq
                0x00002260       0x20 ./board/clock_config.o
 .text.CLOCK_CONFIG_SetFllExtRefDiv
                0x00002280       0x3c ./board/clock_config.o
 .text.BOARD_BootClockRUN
                0x000022bc       0x88 ./board/clock_config.o
                0x000022bc                BOARD_BootClockRUN
 .text.__NVIC_EnableIRQ
                0x00002344       0x3c ./board/peripherals.o
 .text.PIT_SetTimerPeriod
                0x00002380       0x38 ./board/peripherals.o
 .text.CAN0_init
                0x000023b8       0x44 ./board/peripherals.o
 .text.PIT_init
                0x000023fc       0x40 ./board/peripherals.o
 .text.PORT_SetPinConfig
                0x0000243c       0x38 ./board/pin_mux.o
 .text.BOARD_InitPins
                0x00002474       0x80 ./board/pin_mux.o
                0x00002474                BOARD_InitPins
 .text.BOARD_InitDEBUG_UARTPins
                0x000024f4       0x68 ./board/pin_mux.o
                0x000024f4                BOARD_InitDEBUG_UARTPins
 .text.__assertion_failed
                0x0000255c       0x4c d:/nxp/mcuxpressoide_11.6.1_8255/ide/plugins/com.nxp.mcuxpresso.tools.win32_11.6.1.202207200623/tools/bin/../lib/gcc/arm-none-eabi/10.3.1/../../../../arm-none-eabi/lib/thumb/v7e-m+fp/hard\libcr_nohost_nf.a(_cr_assert.o)
                0x0000255c                __assertion_failed
 .text._Cwritebuf
                0x000025a8       0x6c d:/nxp/mcuxpressoide_11.6.1_8255/ide/plugins/com.nxp.mcuxpresso.tools.win32_11.6.1.202207200623/tools/bin/../lib/gcc/arm-none-eabi/10.3.1/../../../../arm-none-eabi/lib/thumb/v7e-m+fp/hard\libcr_c.a(_writebuf.o)
                0x000025a8                _Cwritebuf
 .text.malloc   0x00002614       0xc8 d:/nxp/mcuxpressoide_11.6.1_8255/ide/plugins/com.nxp.mcuxpresso.tools.win32_11.6.1.202207200623/tools/bin/../lib/gcc/arm-none-eabi/10.3.1/../../../../arm-none-eabi/lib/thumb/v7e-m+fp/hard\libcr_c.a(alloc.o)
                0x00002614                malloc
 .text._Csys_alloc
                0x000026dc       0x20 d:/nxp/mcuxpressoide_11.6.1_8255/ide/plugins/com.nxp.mcuxpresso.tools.win32_11.6.1.202207200623/tools/bin/../lib/gcc/arm-none-eabi/10.3.1/../../../../arm-none-eabi/lib/thumb/v7e-m+fp/hard\libcr_c.a(alloc.o)
                0x000026dc                _Csys_alloc
 .text.fseek    0x000026fc       0xfc d:/nxp/mcuxpressoide_11.6.1_8255/ide/plugins/com.nxp.mcuxpresso.tools.win32_11.6.1.202207200623/tools/bin/../lib/gcc/arm-none-eabi/10.3.1/../../../../arm-none-eabi/lib/thumb/v7e-m+fp/hard\libcr_c.a(fseek.o)
                0x000026fc                fseek
 .text.ftell    0x000027f8       0x44 d:/nxp/mcuxpressoide_11.6.1_8255/ide/plugins/com.nxp.mcuxpresso.tools.win32_11.6.1.202207200623/tools/bin/../lib/gcc/arm-none-eabi/10.3.1/../../../../arm-none-eabi/lib/thumb/v7e-m+fp/hard\libcr_c.a(ftell.o)
                0x000027f8                ftell
 .text._initio  0x0000283c       0x78 d:/nxp/mcuxpressoide_11.6.1_8255/ide/plugins/com.nxp.mcuxpresso.tools.win32_11.6.1.202207200623/tools/bin/../lib/gcc/arm-none-eabi/10.3.1/../../../../arm-none-eabi/lib/thumb/v7e-m+fp/hard\libcr_c.a(initio.o)
                0x0000283c                _initio
 .text._sbrk    0x000028b4       0x3c d:/nxp/mcuxpressoide_11.6.1_8255/ide/plugins/com.nxp.mcuxpresso.tools.win32_11.6.1.202207200623/tools/bin/../lib/gcc/arm-none-eabi/10.3.1/../../../../arm-none-eabi/lib/thumb/v7e-m+fp/hard\libcr_c.a(_cr_sbrk.o)
                0x000028b4                _sbrk
 .text.fflush   0x000028f0       0x3c d:/nxp/mcuxpressoide_11.6.1_8255/ide/plugins/com.nxp.mcuxpresso.tools.win32_11.6.1.202207200623/tools/bin/../lib/gcc/arm-none-eabi/10.3.1/../../../../arm-none-eabi/lib/thumb/v7e-m+fp/hard\libcr_c.a(fflush.o)
                0x000028f0                fflush
 .text.__check_heap_overflow
                0x0000292c       0x18 d:/nxp/mcuxpressoide_11.6.1_8255/ide/plugins/com.nxp.mcuxpresso.tools.win32_11.6.1.202207200623/tools/bin/../lib/gcc/arm-none-eabi/10.3.1/../../../../arm-none-eabi/lib/thumb/v7e-m+fp/hard\libcr_c.a(_cr_check_heap.o)
                0x0000292c                __check_heap_overflow
 .text.DbgConsole_PrintCallback
                0x00002944       0x66 ./utilities/fsl_debug_console.o
 .text.DbgConsole_Printf
                0x000029aa       0x2c ./utilities/fsl_debug_console.o
                0x000029aa                DbgConsole_Printf
 .text.PrintGetWidth
                0x000029d6       0x6a ./utilities/fsl_str.o
 .text.PrintGetPrecision
                0x00002a40       0x8c ./utilities/fsl_str.o
 .text.PrintIsobpu
                0x00002acc       0x38 ./utilities/fsl_str.o
 .text.PrintIsdi
                0x00002b04       0x2c ./utilities/fsl_str.o
 .text.PrintOutputdifFobpu
                0x00002b30       0x44 ./utilities/fsl_str.o
 .text.PrintOutputxX
                0x00002b74       0x44 ./utilities/fsl_str.o
 .text.PrintIsfF
                0x00002bb8       0x2c ./utilities/fsl_str.o
 .text.PrintIsxX
                0x00002be4       0x2c ./utilities/fsl_str.o
 .text.PrintFilterLengthFlag
                0x00002c10       0x3e ./utilities/fsl_str.o
 .text.PrintGetRadixFromobpu
                0x00002c4e       0x40 ./utilities/fsl_str.o
 .text.ConvertRadixNumToString
                0x00002c8e       0xc2 ./utilities/fsl_str.o
 .text.StrFormatPrintf
                0x00002d50      0x2ac ./utilities/fsl_str.o
                0x00002d50                StrFormatPrintf
 .text.DMA0_IRQHandler
                0x00002ffc        0x8 ./startup/startup_mk64f12.o
                0x00002ffc                DMA0_IRQHandler
 .text.DMA1_IRQHandler
                0x00003004        0x8 ./startup/startup_mk64f12.o
                0x00003004                DMA1_IRQHandler
 .text.DMA2_IRQHandler
                0x0000300c        0x8 ./startup/startup_mk64f12.o
                0x0000300c                DMA2_IRQHandler
 .text.DMA3_IRQHandler
                0x00003014        0x8 ./startup/startup_mk64f12.o
                0x00003014                DMA3_IRQHandler
 .text.DMA4_IRQHandler
                0x0000301c        0x8 ./startup/startup_mk64f12.o
                0x0000301c                DMA4_IRQHandler
 .text.DMA5_IRQHandler
                0x00003024        0x8 ./startup/startup_mk64f12.o
                0x00003024                DMA5_IRQHandler
 .text.DMA6_IRQHandler
                0x0000302c        0x8 ./startup/startup_mk64f12.o
                0x0000302c                DMA6_IRQHandler
 .text.DMA7_IRQHandler
                0x00003034        0x8 ./startup/startup_mk64f12.o
                0x00003034                DMA7_IRQHandler
 .text.DMA8_IRQHandler
                0x0000303c        0x8 ./startup/startup_mk64f12.o
                0x0000303c                DMA8_IRQHandler
 .text.DMA9_IRQHandler
                0x00003044        0x8 ./startup/startup_mk64f12.o
                0x00003044                DMA9_IRQHandler
 .text.DMA10_IRQHandler
                0x0000304c        0x8 ./startup/startup_mk64f12.o
                0x0000304c                DMA10_IRQHandler
 .text.DMA11_IRQHandler
                0x00003054        0x8 ./startup/startup_mk64f12.o
                0x00003054                DMA11_IRQHandler
 .text.DMA12_IRQHandler
                0x0000305c        0x8 ./startup/startup_mk64f12.o
                0x0000305c                DMA12_IRQHandler
 .text.DMA13_IRQHandler
                0x00003064        0x8 ./startup/startup_mk64f12.o
                0x00003064                DMA13_IRQHandler
 .text.DMA14_IRQHandler
                0x0000306c        0x8 ./startup/startup_mk64f12.o
                0x0000306c                DMA14_IRQHandler
 .text.DMA15_IRQHandler
                0x00003074        0x8 ./startup/startup_mk64f12.o
                0x00003074                DMA15_IRQHandler
 .text.DMA_Error_IRQHandler
                0x0000307c        0x8 ./startup/startup_mk64f12.o
                0x0000307c                DMA_Error_IRQHandler
 .text.MCM_IRQHandler
                0x00003084        0x8 ./startup/startup_mk64f12.o
                0x00003084                MCM_IRQHandler
 .text.FTFE_IRQHandler
                0x0000308c        0x8 ./startup/startup_mk64f12.o
                0x0000308c                FTFE_IRQHandler
 .text.Read_Collision_IRQHandler
                0x00003094        0x8 ./startup/startup_mk64f12.o
                0x00003094                Read_Collision_IRQHandler
 .text.LVD_LVW_IRQHandler
                0x0000309c        0x8 ./startup/startup_mk64f12.o
                0x0000309c                LVD_LVW_IRQHandler
 .text.LLWU_IRQHandler
                0x000030a4        0x8 ./startup/startup_mk64f12.o
                0x000030a4                LLWU_IRQHandler
 .text.WDOG_EWM_IRQHandler
                0x000030ac        0x8 ./startup/startup_mk64f12.o
                0x000030ac                WDOG_EWM_IRQHandler
 .text.RNG_IRQHandler
                0x000030b4        0x8 ./startup/startup_mk64f12.o
                0x000030b4                RNG_IRQHandler
 .text.I2C0_IRQHandler
                0x000030bc        0x8 ./startup/startup_mk64f12.o
                0x000030bc                I2C0_IRQHandler
 .text.I2C1_IRQHandler
                0x000030c4        0x8 ./startup/startup_mk64f12.o
                0x000030c4                I2C1_IRQHandler
 .text.SPI0_IRQHandler
                0x000030cc        0x8 ./startup/startup_mk64f12.o
                0x000030cc                SPI0_IRQHandler
 .text.SPI1_IRQHandler
                0x000030d4        0x8 ./startup/startup_mk64f12.o
                0x000030d4                SPI1_IRQHandler
 .text.I2S0_Tx_IRQHandler
                0x000030dc        0x8 ./startup/startup_mk64f12.o
                0x000030dc                I2S0_Tx_IRQHandler
 .text.I2S0_Rx_IRQHandler
                0x000030e4        0x8 ./startup/startup_mk64f12.o
                0x000030e4                I2S0_Rx_IRQHandler
 .text.UART0_LON_IRQHandler
                0x000030ec        0x8 ./startup/startup_mk64f12.o
                0x000030ec                UART0_LON_IRQHandler
 .text.UART0_RX_TX_IRQHandler
                0x000030f4        0x8 ./startup/startup_mk64f12.o
                0x000030f4                UART0_RX_TX_IRQHandler
 .text.UART0_ERR_IRQHandler
                0x000030fc        0x8 ./startup/startup_mk64f12.o
                0x000030fc                UART0_ERR_IRQHandler
 .text.UART1_RX_TX_IRQHandler
                0x00003104        0x8 ./startup/startup_mk64f12.o
                0x00003104                UART1_RX_TX_IRQHandler
 .text.UART1_ERR_IRQHandler
                0x0000310c        0x8 ./startup/startup_mk64f12.o
                0x0000310c                UART1_ERR_IRQHandler
 .text.UART2_RX_TX_IRQHandler
                0x00003114        0x8 ./startup/startup_mk64f12.o
                0x00003114                UART2_RX_TX_IRQHandler
 .text.UART2_ERR_IRQHandler
                0x0000311c        0x8 ./startup/startup_mk64f12.o
                0x0000311c                UART2_ERR_IRQHandler
 .text.UART3_RX_TX_IRQHandler
                0x00003124        0x8 ./startup/startup_mk64f12.o
                0x00003124                UART3_RX_TX_IRQHandler
 .text.UART3_ERR_IRQHandler
                0x0000312c        0x8 ./startup/startup_mk64f12.o
                0x0000312c                UART3_ERR_IRQHandler
 .text.ADC0_IRQHandler
                0x00003134        0x8 ./startup/startup_mk64f12.o
                0x00003134                ADC0_IRQHandler
 .text.CMP0_IRQHandler
                0x0000313c        0x8 ./startup/startup_mk64f12.o
                0x0000313c                CMP0_IRQHandler
 .text.CMP1_IRQHandler
                0x00003144        0x8 ./startup/startup_mk64f12.o
                0x00003144                CMP1_IRQHandler
 .text.FTM0_IRQHandler
                0x0000314c        0x8 ./startup/startup_mk64f12.o
                0x0000314c                FTM0_IRQHandler
 .text.FTM1_IRQHandler
                0x00003154        0x8 ./startup/startup_mk64f12.o
                0x00003154                FTM1_IRQHandler
 .text.FTM2_IRQHandler
                0x0000315c        0x8 ./startup/startup_mk64f12.o
                0x0000315c                FTM2_IRQHandler
 .text.CMT_IRQHandler
                0x00003164        0x8 ./startup/startup_mk64f12.o
                0x00003164                CMT_IRQHandler
 .text.RTC_IRQHandler
                0x0000316c        0x8 ./startup/startup_mk64f12.o
                0x0000316c                RTC_IRQHandler
 .text.RTC_Seconds_IRQHandler
                0x00003174        0x8 ./startup/startup_mk64f12.o
                0x00003174                RTC_Seconds_IRQHandler
 .text.PIT1_IRQHandler
                0x0000317c        0x8 ./startup/startup_mk64f12.o
                0x0000317c                PIT1_IRQHandler
 .text.PIT2_IRQHandler
                0x00003184        0x8 ./startup/startup_mk64f12.o
                0x00003184                PIT2_IRQHandler
 .text.PIT3_IRQHandler
                0x0000318c        0x8 ./startup/startup_mk64f12.o
                0x0000318c                PIT3_IRQHandler
 .text.PDB0_IRQHandler
                0x00003194        0x8 ./startup/startup_mk64f12.o
                0x00003194                PDB0_IRQHandler
 .text.USB0_IRQHandler
                0x0000319c        0x8 ./startup/startup_mk64f12.o
                0x0000319c                USB0_IRQHandler
 .text.USBDCD_IRQHandler
                0x000031a4        0x8 ./startup/startup_mk64f12.o
                0x000031a4                USBDCD_IRQHandler
 .text.Reserved71_IRQHandler
                0x000031ac        0x8 ./startup/startup_mk64f12.o
                0x000031ac                Reserved71_IRQHandler
 .text.DAC0_IRQHandler
                0x000031b4        0x8 ./startup/startup_mk64f12.o
                0x000031b4                DAC0_IRQHandler
 .text.MCG_IRQHandler
                0x000031bc        0x8 ./startup/startup_mk64f12.o
                0x000031bc                MCG_IRQHandler
 .text.LPTMR0_IRQHandler
                0x000031c4        0x8 ./startup/startup_mk64f12.o
                0x000031c4                LPTMR0_IRQHandler
 .text.PORTA_IRQHandler
                0x000031cc        0x8 ./startup/startup_mk64f12.o
                0x000031cc                PORTA_IRQHandler
 .text.PORTB_IRQHandler
                0x000031d4        0x8 ./startup/startup_mk64f12.o
                0x000031d4                PORTB_IRQHandler
 .text.PORTC_IRQHandler
                0x000031dc        0x8 ./startup/startup_mk64f12.o
                0x000031dc                PORTC_IRQHandler
 .text.PORTD_IRQHandler
                0x000031e4        0x8 ./startup/startup_mk64f12.o
                0x000031e4                PORTD_IRQHandler
 .text.PORTE_IRQHandler
                0x000031ec        0x8 ./startup/startup_mk64f12.o
                0x000031ec                PORTE_IRQHandler
 .text.SWI_IRQHandler
                0x000031f4        0x8 ./startup/startup_mk64f12.o
                0x000031f4                SWI_IRQHandler
 .text.SPI2_IRQHandler
                0x000031fc        0x8 ./startup/startup_mk64f12.o
                0x000031fc                SPI2_IRQHandler
 .text.UART4_RX_TX_IRQHandler
                0x00003204        0x8 ./startup/startup_mk64f12.o
                0x00003204                UART4_RX_TX_IRQHandler
 .text.UART4_ERR_IRQHandler
                0x0000320c        0x8 ./startup/startup_mk64f12.o
                0x0000320c                UART4_ERR_IRQHandler
 .text.UART5_RX_TX_IRQHandler
                0x00003214        0x8 ./startup/startup_mk64f12.o
                0x00003214                UART5_RX_TX_IRQHandler
 .text.UART5_ERR_IRQHandler
                0x0000321c        0x8 ./startup/startup_mk64f12.o
                0x0000321c                UART5_ERR_IRQHandler
 .text.CMP2_IRQHandler
                0x00003224        0x8 ./startup/startup_mk64f12.o
                0x00003224                CMP2_IRQHandler
 .text.FTM3_IRQHandler
                0x0000322c        0x8 ./startup/startup_mk64f12.o
                0x0000322c                FTM3_IRQHandler
 .text.DAC1_IRQHandler
                0x00003234        0x8 ./startup/startup_mk64f12.o
                0x00003234                DAC1_IRQHandler
 .text.ADC1_IRQHandler
                0x0000323c        0x8 ./startup/startup_mk64f12.o
                0x0000323c                ADC1_IRQHandler
 .text.I2C2_IRQHandler
                0x00003244        0x8 ./startup/startup_mk64f12.o
                0x00003244                I2C2_IRQHandler
 .text.CAN0_Bus_Off_IRQHandler
                0x0000324c        0x8 ./startup/startup_mk64f12.o
                0x0000324c                CAN0_Bus_Off_IRQHandler
 .text.CAN0_Error_IRQHandler
                0x00003254        0x8 ./startup/startup_mk64f12.o
                0x00003254                CAN0_Error_IRQHandler
 .text.CAN0_Tx_Warning_IRQHandler
                0x0000325c        0x8 ./startup/startup_mk64f12.o
                0x0000325c                CAN0_Tx_Warning_IRQHandler
 .text.CAN0_Rx_Warning_IRQHandler
                0x00003264        0x8 ./startup/startup_mk64f12.o
                0x00003264                CAN0_Rx_Warning_IRQHandler
 .text.CAN0_Wake_Up_IRQHandler
                0x0000326c        0x8 ./startup/startup_mk64f12.o
                0x0000326c                CAN0_Wake_Up_IRQHandler
 .text.SDHC_IRQHandler
                0x00003274        0x8 ./startup/startup_mk64f12.o
                0x00003274                SDHC_IRQHandler
 .text.ENET_1588_Timer_IRQHandler
                0x0000327c        0x8 ./startup/startup_mk64f12.o
                0x0000327c                ENET_1588_Timer_IRQHandler
 .text.ENET_Transmit_IRQHandler
                0x00003284        0x8 ./startup/startup_mk64f12.o
                0x00003284                ENET_Transmit_IRQHandler
 .text.ENET_Receive_IRQHandler
                0x0000328c        0x8 ./startup/startup_mk64f12.o
                0x0000328c                ENET_Receive_IRQHandler
 .text.ENET_Error_IRQHandler
                0x00003294        0x8 ./startup/startup_mk64f12.o
                0x00003294                ENET_Error_IRQHandler
 .text.GPIO_PinWrite
                0x0000329c       0x36 ./source/FlexCAN_Interrupciones.o
 .text.GPIO_PortToggle
                0x000032d2       0x1c ./source/FlexCAN_Interrupciones.o
 .text.FLEXCAN_GetMbStatusFlags
                0x000032ee       0x1e ./source/FlexCAN_Interrupciones.o
 .text.FLEXCAN_ClearMbStatusFlags
                0x0000330c       0x1c ./source/FlexCAN_Interrupciones.o
 .text.FLEXCAN_EnableMbInterrupts
                0x00003328       0x22 ./source/FlexCAN_Interrupciones.o
 .text.PIT_GetStatusFlags
                0x0000334a       0x2a ./source/FlexCAN_Interrupciones.o
 .text.PIT_ClearStatusFlags
                0x00003374       0x2a ./source/FlexCAN_Interrupciones.o
 .text.HardFault_Handler
                0x0000339e       0x2c ./source/semihost_hardfault.o
                0x0000339e                HardFault_Handler
 .text.CLOCK_EnableClock
                0x000033ca       0x34 ./drivers/fsl_clock.o
 .text.CLOCK_DisableClock
                0x000033fe       0x38 ./drivers/fsl_clock.o
 .text.OSC_SetExtRefClkConfig
                0x00003436       0x34 ./drivers/fsl_clock.o
 .text.OSC_SetCapLoad
                0x0000346a       0x34 ./drivers/fsl_clock.o
 .text.CLOCK_GetPll0RefFreq
                0x0000349e        0xe ./drivers/fsl_clock.o
 .text.CLOCK_EnableClock
                0x000034ac       0x34 ./drivers/fsl_flexcan.o
 .text.FLEXCAN_Enable
                0x000034e0       0x54 ./drivers/fsl_flexcan.o
 .text.FLEXCAN_EnterFreezeMode
                0x00003534       0x3c ./drivers/fsl_flexcan.o
                0x00003534                FLEXCAN_EnterFreezeMode
 .text.FLEXCAN_ExitFreezeMode
                0x00003570       0x3c ./drivers/fsl_flexcan.o
                0x00003570                FLEXCAN_ExitFreezeMode
 .text.FLEXCAN_IsMbOccupied
                0x000035ac       0x56 ./drivers/fsl_flexcan.o
 .text.CLOCK_EnableClock
                0x00003602       0x34 ./drivers/fsl_pit.o
 .text.CLOCK_EnableClock
                0x00003636       0x34 ./drivers/fsl_uart.o
 .text.UART_WriteBlocking
                0x0000366a       0x50 ./drivers/fsl_uart.o
                0x0000366a                UART_WriteBlocking
 .text.UART0_RX_TX_DriverIRQHandler
                0x000036ba       0x12 ./drivers/fsl_uart.o
                0x000036ba                UART0_RX_TX_DriverIRQHandler
 .text.UART1_RX_TX_DriverIRQHandler
                0x000036cc       0x12 ./drivers/fsl_uart.o
                0x000036cc                UART1_RX_TX_DriverIRQHandler
 .text.UART2_RX_TX_DriverIRQHandler
                0x000036de       0x12 ./drivers/fsl_uart.o
                0x000036de                UART2_RX_TX_DriverIRQHandler
 .text.UART3_RX_TX_DriverIRQHandler
                0x000036f0       0x12 ./drivers/fsl_uart.o
                0x000036f0                UART3_RX_TX_DriverIRQHandler
 .text.UART4_RX_TX_DriverIRQHandler
                0x00003702       0x12 ./drivers/fsl_uart.o
                0x00003702                UART4_RX_TX_DriverIRQHandler
 .text.UART5_RX_TX_DriverIRQHandler
                0x00003714       0x12 ./drivers/fsl_uart.o
                0x00003714                UART5_RX_TX_DriverIRQHandler
 .text.SystemInitHook
                0x00003726        0xe ./device/system_MK64F12.o
                0x00003726                SystemInitHook
 .text.HAL_UartGetStatus
                0x00003734       0x22 ./component/uart/fsl_adapter_uart.o
 .text.DisableGlobalIRQ
                0x00003756       0x22 ./component/serial_manager/fsl_component_serial_manager.o
 .text.EnableGlobalIRQ
                0x00003778       0x20 ./component/serial_manager/fsl_component_serial_manager.o
 .text.SerialManager_StartWriting
                0x00003798       0x38 ./component/serial_manager/fsl_component_serial_manager.o
 .text.SerialManager_Write
                0x000037d0       0x44 ./component/serial_manager/fsl_component_serial_manager.o
 .text.SerialManager_Init
                0x00003814       0x60 ./component/serial_manager/fsl_component_serial_manager.o
                0x00003814                SerialManager_Init
 .text.SerialManager_OpenWriteHandle
                0x00003874       0x50 ./component/serial_manager/fsl_component_serial_manager.o
                0x00003874                SerialManager_OpenWriteHandle
 .text.SerialManager_OpenReadHandle
                0x000038c4       0x60 ./component/serial_manager/fsl_component_serial_manager.o
                0x000038c4                SerialManager_OpenReadHandle
 .text.SerialManager_WriteBlocking
                0x00003924       0x20 ./component/serial_manager/fsl_component_serial_manager.o
                0x00003924                SerialManager_WriteBlocking
 .text.Serial_UartInit
                0x00003944       0x3e ./component/serial_manager/fsl_component_serial_port_uart.o
                0x00003944                Serial_UartInit
 .text.Serial_UartWrite
                0x00003982       0x38 ./component/serial_manager/fsl_component_serial_port_uart.o
                0x00003982                Serial_UartWrite
 .text.BOARD_InitDebugConsole
                0x000039ba       0x22 ./board/board.o
                0x000039ba                BOARD_InitDebugConsole
 .text.BOARD_InitBootClocks
                0x000039dc        0xc ./board/clock_config.o
                0x000039dc                BOARD_InitBootClocks
 .text.EnableIRQ
                0x000039e8       0x32 ./board/peripherals.o
 .text.PIT_EnableInterrupts
                0x00003a1a       0x3a ./board/peripherals.o
 .text.PIT_StartTimer
                0x00003a54       0x38 ./board/peripherals.o
 .text.BOARD_InitPeripherals
                0x00003a8c       0x10 ./board/peripherals.o
                0x00003a8c                BOARD_InitPeripherals
 .text.BOARD_InitBootPeripherals
                0x00003a9c        0xc ./board/peripherals.o
                0x00003a9c                BOARD_InitBootPeripherals
 .text.CLOCK_EnableClock
                0x00003aa8       0x34 ./board/pin_mux.o
 .text.PORT_SetPinMux
                0x00003adc       0x3a ./board/pin_mux.o
 .text.BOARD_InitBootPins
                0x00003b16       0x10 ./board/pin_mux.o
                0x00003b16                BOARD_InitBootPins
 .text.__main   0x00003b26        0xe d:/nxp/mcuxpressoide_11.6.1_8255/ide/plugins/com.nxp.mcuxpresso.tools.win32_11.6.1.202207200623/tools/bin/../lib/gcc/arm-none-eabi/10.3.1/../../../../arm-none-eabi/lib/thumb/v7e-m+fp/hard\libcr_nohost_nf.a(_cr__main.o)
                0x00003b26                __main
 .text.__sys_appexit
                0x00003b34        0x2 d:/nxp/mcuxpressoide_11.6.1_8255/ide/plugins/com.nxp.mcuxpresso.tools.win32_11.6.1.202207200623/tools/bin/../lib/gcc/arm-none-eabi/10.3.1/../../../../arm-none-eabi/lib/thumb/v7e-m+fp/hard\libcr_nohost_nf.a(__sys_appexit.o)
                0x00003b34                __sys_appexit
                0x00003b34                __exit
 .text.memcpy   0x00003b36        0x4 d:/nxp/mcuxpressoide_11.6.1_8255/ide/plugins/com.nxp.mcuxpresso.tools.win32_11.6.1.202207200623/tools/bin/../lib/gcc/arm-none-eabi/10.3.1/../../../../arm-none-eabi/lib/thumb/v7e-m+fp/hard\libcr_c.a(memcpy.o)
                0x00003b36                memcpy
 .text.memset   0x00003b3a        0x4 d:/nxp/mcuxpressoide_11.6.1_8255/ide/plugins/com.nxp.mcuxpresso.tools.win32_11.6.1.202207200623/tools/bin/../lib/gcc/arm-none-eabi/10.3.1/../../../../arm-none-eabi/lib/thumb/v7e-m+fp/hard\libcr_c.a(memset.o)
                0x00003b3a                memset
 .text._deferredlazyseek
                0x00003b3e       0x40 d:/nxp/mcuxpressoide_11.6.1_8255/ide/plugins/com.nxp.mcuxpresso.tools.win32_11.6.1.202207200623/tools/bin/../lib/gcc/arm-none-eabi/10.3.1/../../../../arm-none-eabi/lib/thumb/v7e-m+fp/hard\libcr_c.a(_deferredlazyseek.o)
                0x00003b3e                _deferredlazyseek
 .text.__flsbuf
                0x00003b7e      0x140 d:/nxp/mcuxpressoide_11.6.1_8255/ide/plugins/com.nxp.mcuxpresso.tools.win32_11.6.1.202207200623/tools/bin/../lib/gcc/arm-none-eabi/10.3.1/../../../../arm-none-eabi/lib/thumb/v7e-m+fp/hard\libcr_c.a(_deferredlazyseek.o)
                0x00003b7e                __flsbuf
 .text._fflush  0x00003cbe       0x52 d:/nxp/mcuxpressoide_11.6.1_8255/ide/plugins/com.nxp.mcuxpresso.tools.win32_11.6.1.202207200623/tools/bin/../lib/gcc/arm-none-eabi/10.3.1/../../../../arm-none-eabi/lib/thumb/v7e-m+fp/hard\libcr_c.a(_fflush.o)
                0x00003cbe                _fflush
 .text.free     0x00003d10       0x30 d:/nxp/mcuxpressoide_11.6.1_8255/ide/plugins/com.nxp.mcuxpresso.tools.win32_11.6.1.202207200623/tools/bin/../lib/gcc/arm-none-eabi/10.3.1/../../../../arm-none-eabi/lib/thumb/v7e-m+fp/hard\libcr_c.a(alloc.o)
                0x00003d10                free
 .text.fputs    0x00003d40       0x2c d:/nxp/mcuxpressoide_11.6.1_8255/ide/plugins/com.nxp.mcuxpresso.tools.win32_11.6.1.202207200623/tools/bin/../lib/gcc/arm-none-eabi/10.3.1/../../../../arm-none-eabi/lib/thumb/v7e-m+fp/hard\libcr_c.a(fputs.o)
                0x00003d40                fputs
 .text.setvbuf  0x00003d6c       0x3e d:/nxp/mcuxpressoide_11.6.1_8255/ide/plugins/com.nxp.mcuxpresso.tools.win32_11.6.1.202207200623/tools/bin/../lib/gcc/arm-none-eabi/10.3.1/../../../../arm-none-eabi/lib/thumb/v7e-m+fp/hard\libcr_c.a(setvbuf.o)
                0x00003d6c                setvbuf
 .text.strlen   0x00003daa       0x48 d:/nxp/mcuxpressoide_11.6.1_8255/ide/plugins/com.nxp.mcuxpresso.tools.win32_11.6.1.202207200623/tools/bin/../lib/gcc/arm-none-eabi/10.3.1/../../../../arm-none-eabi/lib/thumb/v7e-m+fp/hard\libcr_c.a(strlen.o)
                0x00003daa                strlen
 .text._fdopen  0x00003df2       0x68 d:/nxp/mcuxpressoide_11.6.1_8255/ide/plugins/com.nxp.mcuxpresso.tools.win32_11.6.1.202207200623/tools/bin/../lib/gcc/arm-none-eabi/10.3.1/../../../../arm-none-eabi/lib/thumb/v7e-m+fp/hard\libcr_c.a(_fdopen.o)
                0x00003df2                _fdopen
 .text.fclose   0x00003e5a       0x58 d:/nxp/mcuxpressoide_11.6.1_8255/ide/plugins/com.nxp.mcuxpresso.tools.win32_11.6.1.202207200623/tools/bin/../lib/gcc/arm-none-eabi/10.3.1/../../../../arm-none-eabi/lib/thumb/v7e-m+fp/hard\libcr_c.a(fclose.o)
                0x00003e5a                fclose
 .text.remove   0x00003eb2       0x14 d:/nxp/mcuxpressoide_11.6.1_8255/ide/plugins/com.nxp.mcuxpresso.tools.win32_11.6.1.202207200623/tools/bin/../lib/gcc/arm-none-eabi/10.3.1/../../../../arm-none-eabi/lib/thumb/v7e-m+fp/hard\libcr_c.a(remove.o)
                0x00003eb2                remove
 .text._do_fflush
                0x00003ec6       0x40 d:/nxp/mcuxpressoide_11.6.1_8255/ide/plugins/com.nxp.mcuxpresso.tools.win32_11.6.1.202207200623/tools/bin/../lib/gcc/arm-none-eabi/10.3.1/../../../../arm-none-eabi/lib/thumb/v7e-m+fp/hard\libcr_c.a(_do_fflush.o)
                0x00003ec6                _do_fflush
 .text.__aeabi_memcpy
                0x00003f06       0x34 d:/nxp/mcuxpressoide_11.6.1_8255/ide/plugins/com.nxp.mcuxpresso.tools.win32_11.6.1.202207200623/tools/bin/../lib/gcc/arm-none-eabi/10.3.1/thumb/v7e-m+fp/hard\libcr_eabihelpers.a(memcpy.o)
                0x00003f06                __aeabi_memcpy
                0x00003f10                __aeabi_memcpy8
                0x00003f10                __aeabi_memcpy4
 .text.__aeabi_memset_lowlevel
                0x00003f3a       0x32 d:/nxp/mcuxpressoide_11.6.1_8255/ide/plugins/com.nxp.mcuxpresso.tools.win32_11.6.1.202207200623/tools/bin/../lib/gcc/arm-none-eabi/10.3.1/thumb/v7e-m+fp/hard\libcr_eabihelpers.a(memcpy.o)
                0x00003f3a                __aeabi_lowlevel_memset
 .text.__sys_close
                0x00003f6c        0x6 d:/nxp/mcuxpressoide_11.6.1_8255/ide/plugins/com.nxp.mcuxpresso.tools.win32_11.6.1.202207200623/tools/bin/../lib/gcc/arm-none-eabi/10.3.1/../../../../arm-none-eabi/lib/thumb/v7e-m+fp/hard\libcr_nohost_nf.a(__sys_close.o)
                0x00003f6c                __sys_close
 .text.__sys_flen
                0x00003f72        0x6 d:/nxp/mcuxpressoide_11.6.1_8255/ide/plugins/com.nxp.mcuxpresso.tools.win32_11.6.1.202207200623/tools/bin/../lib/gcc/arm-none-eabi/10.3.1/../../../../arm-none-eabi/lib/thumb/v7e-m+fp/hard\libcr_nohost_nf.a(__sys_flen.o)
                0x00003f72                __sys_flen
 .text.__sys_istty
                0x00003f78        0x6 d:/nxp/mcuxpressoide_11.6.1_8255/ide/plugins/com.nxp.mcuxpresso.tools.win32_11.6.1.202207200623/tools/bin/../lib/gcc/arm-none-eabi/10.3.1/../../../../arm-none-eabi/lib/thumb/v7e-m+fp/hard\libcr_nohost_nf.a(__sys_istty.o)
                0x00003f78                __sys_istty
 .text.__sys_remove
                0x00003f7e        0x6 d:/nxp/mcuxpressoide_11.6.1_8255/ide/plugins/com.nxp.mcuxpresso.tools.win32_11.6.1.202207200623/tools/bin/../lib/gcc/arm-none-eabi/10.3.1/../../../../arm-none-eabi/lib/thumb/v7e-m+fp/hard\libcr_nohost_nf.a(__sys_remove.o)
                0x00003f7e                __sys_remove
 .text.__sys_seek
                0x00003f84        0x6 d:/nxp/mcuxpressoide_11.6.1_8255/ide/plugins/com.nxp.mcuxpresso.tools.win32_11.6.1.202207200623/tools/bin/../lib/gcc/arm-none-eabi/10.3.1/../../../../arm-none-eabi/lib/thumb/v7e-m+fp/hard\libcr_nohost_nf.a(__sys_seek.o)
                0x00003f84                __sys_seek
 .text.__sys_tmpnam
                0x00003f8a        0x6 d:/nxp/mcuxpressoide_11.6.1_8255/ide/plugins/com.nxp.mcuxpresso.tools.win32_11.6.1.202207200623/tools/bin/../lib/gcc/arm-none-eabi/10.3.1/../../../../arm-none-eabi/lib/thumb/v7e-m+fp/hard\libcr_nohost_nf.a(__sys_tmpnam.o)
                0x00003f8a                __sys_tmpnam
 .text.__sys_write
                0x00003f90        0x4 d:/nxp/mcuxpressoide_11.6.1_8255/ide/plugins/com.nxp.mcuxpresso.tools.win32_11.6.1.202207200623/tools/bin/../lib/gcc/arm-none-eabi/10.3.1/../../../../arm-none-eabi/lib/thumb/v7e-m+fp/hard\libcr_nohost_nf.a(__sys_write.o)
                0x00003f90                __sys_write
 *(SORT_BY_ALIGNMENT(.rodata) SORT_BY_ALIGNMENT(.rodata.*) SORT_BY_ALIGNMENT(.constdata) SORT_BY_ALIGNMENT(.constdata.*))
 .rodata.main.str1.4
                0x00003f94        0xd ./source/FlexCAN_Interrupciones.o
 *fill*         0x00003fa1        0x3 ff
 .rodata.CLOCK_GetMcgExtClkFreq.str1.4
                0x00003fa4       0x49 ./drivers/fsl_clock.o
 *fill*         0x00003fed        0x3 ff
 .rodata.CLOCK_GetPll0Freq.str1.4
                0x00003ff0       0x1d ./drivers/fsl_clock.o
 *fill*         0x0000400d        0x3 ff
 .rodata.CLOCK_EnablePll0.str1.4
                0x00004010       0x1a ./drivers/fsl_clock.o
 *fill*         0x0000402a        0x2 ff
 .rodata.CLOCK_SetPbeMode.str1.4
                0x0000402c       0x1a ./drivers/fsl_clock.o
 *fill*         0x00004046        0x2 ff
 .rodata.CLOCK_BootToPeeMode.str1.4
                0x00004048       0x1a ./drivers/fsl_clock.o
 *fill*         0x00004062        0x2 ff
 .rodata.fllFactorTable.1
                0x00004064       0x10 ./drivers/fsl_clock.o
 .rodata.FLEXCAN_GetInstance.str1.4
                0x00004074       0x3a ./drivers/fsl_flexcan.o
 *fill*         0x000040ae        0x2 ff
 .rodata.FLEXCAN_Reset.str1.4
                0x000040b0       0x3a ./drivers/fsl_flexcan.o
 *fill*         0x000040ea        0x2 ff
 .rodata.FLEXCAN_SetBitRate.str1.4
                0x000040ec       0xb8 ./drivers/fsl_flexcan.o
 .rodata.FLEXCAN_Init.str1.4
                0x000041a4       0xda ./drivers/fsl_flexcan.o
 *fill*         0x0000427e        0x2 ff
 .rodata.FLEXCAN_SetTimingConfig.str1.4
                0x00004280       0x25 ./drivers/fsl_flexcan.o
 *fill*         0x000042a5        0x3 ff
 .rodata.FLEXCAN_SetTxMbConfig.str1.4
                0x000042a8       0x78 ./drivers/fsl_flexcan.o
 .rodata.FLEXCAN_SetRxMbConfig.str1.4
                0x00004320       0xbc ./drivers/fsl_flexcan.o
 .rodata.FLEXCAN_WriteTxMb.str1.4
                0x000043dc       0xcc ./drivers/fsl_flexcan.o
 .rodata.FLEXCAN_ReadRxMb.str1.4
                0x000044a8       0xa0 ./drivers/fsl_flexcan.o
 .rodata.CAN0_DriverIRQHandler.str1.4
                0x00004548       0x30 ./drivers/fsl_flexcan.o
 .rodata.PIT_GetInstance.str1.4
                0x00004578       0x31 ./drivers/fsl_pit.o
 *fill*         0x000045a9        0x3 ff
 .rodata.PIT_Init.str1.4
                0x000045ac       0x1e ./drivers/fsl_pit.o
 *fill*         0x000045ca        0x2 ff
 .rodata.s_uartBases
                0x000045cc       0x18 ./drivers/fsl_uart.o
 .rodata.s_uartClock
                0x000045e4       0x18 ./drivers/fsl_uart.o
 .rodata.UART_GetInstance.str1.4
                0x000045fc       0x2b ./drivers/fsl_uart.o
 *fill*         0x00004627        0x1 ff
 .rodata.UART_Init.str1.4
                0x00004628       0xfb ./drivers/fsl_uart.o
 *fill*         0x00004723        0x1 ff
 .rodata.UART_GetDefaultConfig.str1.4
                0x00004724       0x20 ./drivers/fsl_uart.o
 .rodata.s_UartAdapterBase
                0x00004744       0x18 ./component/uart/fsl_adapter_uart.o
 .rodata.HAL_UartInit.str1.4
                0x0000475c       0xdd ./component/uart/fsl_adapter_uart.o
 *fill*         0x00004839        0x3 ff
 .rodata.HAL_UartSendBlocking.str1.4
                0x0000483c       0x60 ./component/uart/fsl_adapter_uart.o
 .rodata.mcgConfig_BOARD_BootClockRUN
                0x0000489c        0xb ./board/clock_config.o
                0x0000489c                mcgConfig_BOARD_BootClockRUN
 *fill*         0x000048a7        0x1 ff
 .rodata.simConfig_BOARD_BootClockRUN
                0x000048a8        0x8 ./board/clock_config.o
                0x000048a8                simConfig_BOARD_BootClockRUN
 .rodata.oscConfig_BOARD_BootClockRUN
                0x000048b0        0x8 ./board/clock_config.o
                0x000048b0                oscConfig_BOARD_BootClockRUN
 .rodata.PIT_SetTimerPeriod.str1.4
                0x000048b8       0x78 ./board/peripherals.o
 .rodata.CAN0_config
                0x00004930       0x14 ./board/peripherals.o
                0x00004930                CAN0_config
 .rodata.CAN0_rx_mb_config_0
                0x00004944        0x8 ./board/peripherals.o
                0x00004944                CAN0_rx_mb_config_0
 .rodata.PIT_config
                0x0000494c        0x1 ./board/peripherals.o
                0x0000494c                PIT_config
 *fill*         0x0000494d        0x3 ff
 .rodata.PORT_SetPinConfig.str1.4
                0x00004950       0x74 ./board/pin_mux.o
 .rodata.__num_Ciob_streams
                0x000049c4        0x4 d:/nxp/mcuxpressoide_11.6.1_8255/ide/plugins/com.nxp.mcuxpresso.tools.win32_11.6.1.202207200623/tools/bin/../lib/gcc/arm-none-eabi/10.3.1/../../../../arm-none-eabi/lib/thumb/v7e-m+fp/hard\libcr_nohost_nf.a(__ciob.o)
                0x000049c4                __num_Ciob_streams
 .rodata.__assertion_failed.str1.1
                0x000049c8       0x15 d:/nxp/mcuxpressoide_11.6.1_8255/ide/plugins/com.nxp.mcuxpresso.tools.win32_11.6.1.202207200623/tools/bin/../lib/gcc/arm-none-eabi/10.3.1/../../../../arm-none-eabi/lib/thumb/v7e-m+fp/hard\libcr_nohost_nf.a(_cr_assert.o)
 .rodata._Csys_alloc.str1.1
                0x000049dd       0x18 d:/nxp/mcuxpressoide_11.6.1_8255/ide/plugins/com.nxp.mcuxpresso.tools.win32_11.6.1.202207200623/tools/bin/../lib/gcc/arm-none-eabi/10.3.1/../../../../arm-none-eabi/lib/thumb/v7e-m+fp/hard\libcr_c.a(alloc.o)
 .rodata._initio.str1.1
                0x000049f5        0x4 d:/nxp/mcuxpressoide_11.6.1_8255/ide/plugins/com.nxp.mcuxpresso.tools.win32_11.6.1.202207200623/tools/bin/../lib/gcc/arm-none-eabi/10.3.1/../../../../arm-none-eabi/lib/thumb/v7e-m+fp/hard\libcr_c.a(initio.o)
                0x00004a00                . = ALIGN (0x8)
 *fill*         0x000049f9        0x7 ff
                0x00004a00                _etext = .

.glue_7         0x00004a00        0x0
 .glue_7        0x00004a00        0x0 linker stubs

.glue_7t        0x00004a00        0x0
 .glue_7t       0x00004a00        0x0 linker stubs

.vfp11_veneer   0x00004a00        0x0
 .vfp11_veneer  0x00004a00        0x0 linker stubs

.v4_bx          0x00004a00        0x0
 .v4_bx         0x00004a00        0x0 linker stubs

.iplt           0x00004a00        0x0
 .iplt          0x00004a00        0x0 ./utilities/fsl_debug_console.o

.rel.dyn        0x00004a00        0x0
 .rel.iplt      0x00004a00        0x0 ./utilities/fsl_debug_console.o

.m_usb_data
 *(SORT_BY_ALIGNMENT(m_usb_bdt))

.data_RAM2      0x1fff0000        0x0 load address 0x00004a00
 FILL mask 0xff
                [!provide]                PROVIDE (__start_data_RAM2 = .)
                [!provide]                PROVIDE (__start_data_SRAM_LOWER = .)
 *(SORT_BY_ALIGNMENT(.ramfunc.$RAM2))
 *(SORT_BY_ALIGNMENT(.ramfunc.$SRAM_LOWER))
 *(SORT_BY_ALIGNMENT(.data.$RAM2))
 *(SORT_BY_ALIGNMENT(.data.$SRAM_LOWER))
 *(SORT_BY_ALIGNMENT(.data.$RAM2.*))
 *(SORT_BY_ALIGNMENT(.data.$SRAM_LOWER.*))
                0x1fff0000                . = ALIGN (0x8)
                [!provide]                PROVIDE (__end_data_RAM2 = .)
                [!provide]                PROVIDE (__end_data_SRAM_LOWER = .)

.data_RAM3      0x14000000        0x0 load address 0x00004a00
 FILL mask 0xff
                [!provide]                PROVIDE (__start_data_RAM3 = .)
                [!provide]                PROVIDE (__start_data_FLEX_RAM = .)
 *(SORT_BY_ALIGNMENT(.ramfunc.$RAM3))
 *(SORT_BY_ALIGNMENT(.ramfunc.$FLEX_RAM))
 *(SORT_BY_ALIGNMENT(.data.$RAM3))
 *(SORT_BY_ALIGNMENT(.data.$FLEX_RAM))
 *(SORT_BY_ALIGNMENT(.data.$RAM3.*))
 *(SORT_BY_ALIGNMENT(.data.$FLEX_RAM.*))
                0x14000000                . = ALIGN (0x8)
                [!provide]                PROVIDE (__end_data_RAM3 = .)
                [!provide]                PROVIDE (__end_data_FLEX_RAM = .)

.uninit_RESERVED
                0x20000000        0x0
                0x20000000                _start_uninit_RESERVED = .
 *(SORT_BY_ALIGNMENT(.bss.$RESERVED*))
                0x20000000                . = ALIGN (0x8)
                0x20000000                _end_uninit_RESERVED = .

.data           0x20000000       0x10 load address 0x00004a00
 FILL mask 0xff
                0x20000000                _data = .
                [!provide]                PROVIDE (__start_data_RAM = .)
                [!provide]                PROVIDE (__start_data_SRAM_UPPER = .)
 *(SORT_BY_ALIGNMENT(vtable))
 *(SORT_BY_ALIGNMENT(.ramfunc*))
 *(SORT_BY_ALIGNMENT(CodeQuickAccess))
 *(SORT_BY_ALIGNMENT(DataQuickAccess))
 *(SORT_BY_ALIGNMENT(RamFunction))
 *(SORT_BY_ALIGNMENT(.data*))
 .data.s_slowIrcFreq
                0x20000000        0x4 ./drivers/fsl_clock.o
 .data.s_fastIrcFreq
                0x20000004        0x4 ./drivers/fsl_clock.o
 .data.SystemCoreClock
                0x20000008        0x4 ./device/system_MK64F12.o
                0x20000008                SystemCoreClock
 .data.waitTX   0x2000000c        0x2 ./source/FlexCAN_Interrupciones.o
                0x2000000c                waitTX
 .data.counterTime
                0x2000000e        0x2 ./source/FlexCAN_Interrupciones.o
                0x2000000e                counterTime
                0x20000010                . = ALIGN (0x8)
                0x20000010                _edata = .
                [!provide]                PROVIDE (__end_data_RAM = .)
                [!provide]                PROVIDE (__end_data_SRAM_UPPER = .)

.igot.plt       0x20000010        0x0 load address 0x00004a10
 .igot.plt      0x20000010        0x0 ./utilities/fsl_debug_console.o

.bss_RAM2       0x1fff0000        0x0
                [!provide]                PROVIDE (__start_bss_RAM2 = .)
                [!provide]                PROVIDE (__start_bss_SRAM_LOWER = .)
 *(SORT_BY_ALIGNMENT(.bss.$RAM2))
 *(SORT_BY_ALIGNMENT(.bss.$SRAM_LOWER))
 *(SORT_BY_ALIGNMENT(.bss.$RAM2.*))
 *(SORT_BY_ALIGNMENT(.bss.$SRAM_LOWER.*))
                0x1fff0000                . = ALIGN ((. != 0x0)?0x8:0x1)
                [!provide]                PROVIDE (__end_bss_RAM2 = .)
                [!provide]                PROVIDE (__end_bss_SRAM_LOWER = .)

.bss_RAM3       0x14000000        0x0
                [!provide]                PROVIDE (__start_bss_RAM3 = .)
                [!provide]                PROVIDE (__start_bss_FLEX_RAM = .)
 *(SORT_BY_ALIGNMENT(.bss.$RAM3))
 *(SORT_BY_ALIGNMENT(.bss.$FLEX_RAM))
 *(SORT_BY_ALIGNMENT(.bss.$RAM3.*))
 *(SORT_BY_ALIGNMENT(.bss.$FLEX_RAM.*))
                0x14000000                . = ALIGN ((. != 0x0)?0x8:0x1)
                [!provide]                PROVIDE (__end_bss_RAM3 = .)
                [!provide]                PROVIDE (__end_bss_FLEX_RAM = .)

.bss            0x20000010      0x158
                0x20000010                _bss = .
                [!provide]                PROVIDE (__start_bss_RAM = .)
                [!provide]                PROVIDE (__start_bss_SRAM_UPPER = .)
 *(SORT_BY_ALIGNMENT(.bss*))
 .bss.s_debugConsoleState
                0x20000010       0x20 ./utilities/fsl_debug_console.o
 .bss.g_serialHandle
                0x20000030        0x4 ./utilities/fsl_debug_console.o
                0x20000030                g_serialHandle
 .bss.txFrame   0x20000034       0x10 ./source/FlexCAN_Interrupciones.o
                0x20000034                txFrame
 .bss.rxFrame   0x20000044       0x10 ./source/FlexCAN_Interrupciones.o
                0x20000044                rxFrame
 .bss.statusss  0x20000054        0x4 ./source/FlexCAN_Interrupciones.o
                0x20000054                statusss
 .bss.i.0       0x20000058        0x4 ./source/FlexCAN_Interrupciones.o
 .bss.g_xtal0Freq
                0x2000005c        0x4 ./drivers/fsl_clock.o
                0x2000005c                g_xtal0Freq
 .bss.g_xtal32Freq
                0x20000060        0x4 ./drivers/fsl_clock.o
                0x20000060                g_xtal32Freq
 .bss.s_flexcanHandle
                0x20000064        0x4 ./drivers/fsl_flexcan.o
 .bss.s_flexcanIsr
                0x20000068        0x4 ./drivers/fsl_flexcan.o
 .bss.s_i2cHandle
                0x2000006c        0xc ./drivers/fsl_i2c.o
 .bss.s_i2cMasterIsr
                0x20000078        0x4 ./drivers/fsl_i2c.o
 .bss.s_i2cSlaveIsr
                0x2000007c        0x4 ./drivers/fsl_i2c.o
 .bss.s_uartHandle
                0x20000080       0x18 ./drivers/fsl_uart.o
                0x20000080                s_uartHandle
 .bss.s_uartIsr
                0x20000098        0x4 ./drivers/fsl_uart.o
                0x20000098                s_uartIsr
 .bss.__Ciob    0x2000009c       0xb4 d:/nxp/mcuxpressoide_11.6.1_8255/ide/plugins/com.nxp.mcuxpresso.tools.win32_11.6.1.202207200623/tools/bin/../lib/gcc/arm-none-eabi/10.3.1/../../../../arm-none-eabi/lib/thumb/v7e-m+fp/hard\libcr_nohost_nf.a(__ciob.o)
                0x2000009c                __Ciob
 .bss.errno     0x20000150        0x4 d:/nxp/mcuxpressoide_11.6.1_8255/ide/plugins/com.nxp.mcuxpresso.tools.win32_11.6.1.202207200623/tools/bin/../lib/gcc/arm-none-eabi/10.3.1/../../../../arm-none-eabi/lib/thumb/v7e-m+fp/hard\libcr_c.a(errno.o)
                0x20000150                errno
 .bss.__end_of_heap
                0x20000154        0x4 d:/nxp/mcuxpressoide_11.6.1_8255/ide/plugins/com.nxp.mcuxpresso.tools.win32_11.6.1.202207200623/tools/bin/../lib/gcc/arm-none-eabi/10.3.1/../../../../arm-none-eabi/lib/thumb/v7e-m+fp/hard\libcr_c.a(__init_alloc.o)
                0x20000154                __end_of_heap
 .bss.__heaps   0x20000158        0x4 d:/nxp/mcuxpressoide_11.6.1_8255/ide/plugins/com.nxp.mcuxpresso.tools.win32_11.6.1.202207200623/tools/bin/../lib/gcc/arm-none-eabi/10.3.1/../../../../arm-none-eabi/lib/thumb/v7e-m+fp/hard\libcr_c.a(__init_alloc.o)
                0x20000158                __heaps
 .bss.s_debugConsoleReadWaitSemaphore
                0x2000015c        0x1 ./utilities/fsl_debug_console.o
 .bss.rxComplete
                0x2000015d        0x1 ./source/FlexCAN_Interrupciones.o
                0x2000015d                rxComplete
 .bss.txComplete
                0x2000015e        0x1 ./source/FlexCAN_Interrupciones.o
                0x2000015e                txComplete
 .bss.counter   0x2000015f        0x1 ./source/FlexCAN_Interrupciones.o
                0x2000015f                counter
 .bss.txFlag    0x20000160        0x1 ./source/FlexCAN_Interrupciones.o
                0x20000160                txFlag
 .bss.TXFLAGWAIT
                0x20000161        0x1 ./source/FlexCAN_Interrupciones.o
                0x20000161                TXFLAGWAIT
 *(SORT_BY_ALIGNMENT(COMMON))
                0x20000168                . = ALIGN (0x8)
 *fill*         0x20000162        0x6 
                0x20000168                _ebss = .
                [!provide]                PROVIDE (__end_bss_RAM = .)
                [!provide]                PROVIDE (__end_bss_SRAM_UPPER = .)
                [!provide]                PROVIDE (end = .)

.noinit_RAM2    0x1fff0000        0x0
                [!provide]                PROVIDE (__start_noinit_RAM2 = .)
                [!provide]                PROVIDE (__start_noinit_SRAM_LOWER = .)
 *(SORT_BY_ALIGNMENT(.noinit.$RAM2))
 *(SORT_BY_ALIGNMENT(.noinit.$SRAM_LOWER))
 *(SORT_BY_ALIGNMENT(.noinit.$RAM2.*))
 *(SORT_BY_ALIGNMENT(.noinit.$SRAM_LOWER.*))
                0x1fff0000                . = ALIGN (0x8)
                [!provide]                PROVIDE (__end_noinit_RAM2 = .)
                [!provide]                PROVIDE (__end_noinit_SRAM_LOWER = .)

.noinit_RAM3    0x14000000        0x0
                [!provide]                PROVIDE (__start_noinit_RAM3 = .)
                [!provide]                PROVIDE (__start_noinit_FLEX_RAM = .)
 *(SORT_BY_ALIGNMENT(.noinit.$RAM3))
 *(SORT_BY_ALIGNMENT(.noinit.$FLEX_RAM))
 *(SORT_BY_ALIGNMENT(.noinit.$RAM3.*))
 *(SORT_BY_ALIGNMENT(.noinit.$FLEX_RAM.*))
                0x14000000                . = ALIGN (0x8)
                [!provide]                PROVIDE (__end_noinit_RAM3 = .)
                [!provide]                PROVIDE (__end_noinit_FLEX_RAM = .)

.noinit         0x20000168        0x0
                0x20000168                _noinit = .
                [!provide]                PROVIDE (__start_noinit_RAM = .)
                [!provide]                PROVIDE (__start_noinit_SRAM_UPPER = .)
 *(SORT_BY_ALIGNMENT(.noinit*))
                0x20000168                . = ALIGN (0x8)
                0x20000168                _end_noinit = .
                [!provide]                PROVIDE (__end_noinit_RAM = .)
                [!provide]                PROVIDE (__end_noinit_SRAM_UPPER = .)

.ARM.extab
 *(SORT_BY_ALIGNMENT(.ARM.extab*) SORT_BY_ALIGNMENT(.gnu.linkonce.armextab.*))

.ARM.exidx      0x00004a10        0x0
                0x00004a10                __exidx_start = .
 *(SORT_BY_ALIGNMENT(.ARM.exidx*) SORT_BY_ALIGNMENT(.gnu.linkonce.armexidx.*))
                0x00004a10                __exidx_end = .
                0x00001000                _HeapSize = 0x1000

.heap           0x20000168     0x1000
                0x20000168                _pvHeapStart = .
                0x20001168                . = (. + _HeapSize)
 *fill*         0x20000168     0x1000 
                0x20001168                . = ALIGN (0x8)
                0x20001168                _pvHeapLimit = .
                0x00001000                _StackSize = 0x1000

.heap2stackfill
                0x20001168     0x1000
                0x20002168                . = (. + _StackSize)
 *fill*         0x20001168     0x1000 

.stack          0x2002f000        0x0
                0x2002f000                _vStackBase = .
                0x2002f000                . = ALIGN (0x8)
                0x20030000                _vStackTop = (. + _StackSize)
                0x00000000                _image_start = LOADADDR (.text)
                0x00004a10                _image_end = (LOADADDR (.data) + SIZEOF (.data))
                0x00004a10                _image_size = (_image_end - _image_start)
OUTPUT(FlexCAN_Interrupciones.axf elf32-littlearm)
LOAD linker stubs

.debug_info     0x00000000     0xfffb
 .debug_info    0x00000000      0xc24 ./utilities/fsl_debug_console.o
 .debug_info    0x00000c24      0xafc ./utilities/fsl_str.o
 .debug_info    0x00001720      0x93a ./startup/startup_mk64f12.o
 .debug_info    0x0000205a      0xca5 ./source/FlexCAN_Interrupciones.o
 .debug_info    0x00002cff       0x3c ./source/semihost_hardfault.o
 .debug_info    0x00002d3b     0x21c3 ./drivers/fsl_clock.o
 .debug_info    0x00004efe     0x24ba ./drivers/fsl_flexcan.o
 .debug_info    0x000073b8     0x1e92 ./drivers/fsl_i2c.o
 .debug_info    0x0000924a      0x76b ./drivers/fsl_pit.o
 .debug_info    0x000099b5     0x1f90 ./drivers/fsl_uart.o
 .debug_info    0x0000b945      0x649 ./device/system_MK64F12.o
 .debug_info    0x0000bf8e      0xa7e ./component/uart/fsl_adapter_uart.o
 .debug_info    0x0000ca0c      0x8f9 ./component/serial_manager/fsl_component_serial_manager.o
 .debug_info    0x0000d305      0x46b ./component/serial_manager/fsl_component_serial_port_uart.o
 .debug_info    0x0000d770       0xe8 ./board/board.o
 .debug_info    0x0000d858      0xcca ./board/clock_config.o
 .debug_info    0x0000e522      0xea0 ./board/peripherals.o
 .debug_info    0x0000f3c2      0xc39 ./board/pin_mux.o

.debug_abbrev   0x00000000     0x275f
 .debug_abbrev  0x00000000      0x232 ./utilities/fsl_debug_console.o
 .debug_abbrev  0x00000232      0x24d ./utilities/fsl_str.o
 .debug_abbrev  0x0000047f      0x185 ./startup/startup_mk64f12.o
 .debug_abbrev  0x00000604      0x2a2 ./source/FlexCAN_Interrupciones.o
 .debug_abbrev  0x000008a6       0x31 ./source/semihost_hardfault.o
 .debug_abbrev  0x000008d7      0x359 ./drivers/fsl_clock.o
 .debug_abbrev  0x00000c30      0x2f1 ./drivers/fsl_flexcan.o
 .debug_abbrev  0x00000f21      0x363 ./drivers/fsl_i2c.o
 .debug_abbrev  0x00001284      0x1eb ./drivers/fsl_pit.o
 .debug_abbrev  0x0000146f      0x42e ./drivers/fsl_uart.o
 .debug_abbrev  0x0000189d      0x148 ./device/system_MK64F12.o
 .debug_abbrev  0x000019e5      0x1c9 ./component/uart/fsl_adapter_uart.o
 .debug_abbrev  0x00001bae      0x23d ./component/serial_manager/fsl_component_serial_manager.o
 .debug_abbrev  0x00001deb      0x167 ./component/serial_manager/fsl_component_serial_port_uart.o
 .debug_abbrev  0x00001f52       0x85 ./board/board.o
 .debug_abbrev  0x00001fd7      0x246 ./board/clock_config.o
 .debug_abbrev  0x0000221d      0x2b0 ./board/peripherals.o
 .debug_abbrev  0x000024cd      0x292 ./board/pin_mux.o

.debug_aranges  0x00000000      0xf18
 .debug_aranges
                0x00000000       0xa8 ./utilities/fsl_debug_console.o
 .debug_aranges
                0x000000a8       0xb8 ./utilities/fsl_str.o
 .debug_aranges
                0x00000160      0x330 ./startup/startup_mk64f12.o
 .debug_aranges
                0x00000490       0x68 ./source/FlexCAN_Interrupciones.o
 .debug_aranges
                0x000004f8       0x20 ./source/semihost_hardfault.o
 .debug_aranges
                0x00000518      0x1f8 ./drivers/fsl_clock.o
 .debug_aranges
                0x00000710      0x1a8 ./drivers/fsl_flexcan.o
 .debug_aranges
                0x000008b8      0x180 ./drivers/fsl_i2c.o
 .debug_aranges
                0x00000a38       0x40 ./drivers/fsl_pit.o
 .debug_aranges
                0x00000a78      0x1b8 ./drivers/fsl_uart.o
 .debug_aranges
                0x00000c30       0x30 ./device/system_MK64F12.o
 .debug_aranges
                0x00000c60       0x50 ./component/uart/fsl_adapter_uart.o
 .debug_aranges
                0x00000cb0       0x98 ./component/serial_manager/fsl_component_serial_manager.o
 .debug_aranges
                0x00000d48       0x48 ./component/serial_manager/fsl_component_serial_port_uart.o
 .debug_aranges
                0x00000d90       0x20 ./board/board.o
 .debug_aranges
                0x00000db0       0x80 ./board/clock_config.o
 .debug_aranges
                0x00000e30       0x60 ./board/peripherals.o
 .debug_aranges
                0x00000e90       0x88 ./board/pin_mux.o

.debug_ranges   0x00000000      0xe40
 .debug_ranges  0x00000000       0x98 ./utilities/fsl_debug_console.o
 .debug_ranges  0x00000098       0xd8 ./utilities/fsl_str.o
 .debug_ranges  0x00000170      0x320 ./startup/startup_mk64f12.o
 .debug_ranges  0x00000490       0x58 ./source/FlexCAN_Interrupciones.o
 .debug_ranges  0x000004e8       0x10 ./source/semihost_hardfault.o
 .debug_ranges  0x000004f8      0x1e8 ./drivers/fsl_clock.o
 .debug_ranges  0x000006e0      0x1b0 ./drivers/fsl_flexcan.o
 .debug_ranges  0x00000890      0x170 ./drivers/fsl_i2c.o
 .debug_ranges  0x00000a00       0x30 ./drivers/fsl_pit.o
 .debug_ranges  0x00000a30      0x1a8 ./drivers/fsl_uart.o
 .debug_ranges  0x00000bd8       0x20 ./device/system_MK64F12.o
 .debug_ranges  0x00000bf8       0x40 ./component/uart/fsl_adapter_uart.o
 .debug_ranges  0x00000c38       0x88 ./component/serial_manager/fsl_component_serial_manager.o
 .debug_ranges  0x00000cc0       0x38 ./component/serial_manager/fsl_component_serial_port_uart.o
 .debug_ranges  0x00000cf8       0x10 ./board/board.o
 .debug_ranges  0x00000d08       0x70 ./board/clock_config.o
 .debug_ranges  0x00000d78       0x50 ./board/peripherals.o
 .debug_ranges  0x00000dc8       0x78 ./board/pin_mux.o

.debug_macro    0x00000000    0x1492d
 .debug_macro   0x00000000      0x1c8 ./utilities/fsl_debug_console.o
 .debug_macro   0x000001c8      0xaae ./utilities/fsl_debug_console.o
 .debug_macro   0x00000c76       0x10 ./utilities/fsl_debug_console.o
 .debug_macro   0x00000c86       0x16 ./utilities/fsl_debug_console.o
 .debug_macro   0x00000c9c       0x10 ./utilities/fsl_debug_console.o
 .debug_macro   0x00000cac      0x12e ./utilities/fsl_debug_console.o
 .debug_macro   0x00000dda       0x28 ./utilities/fsl_debug_console.o
 .debug_macro   0x00000e02       0x16 ./utilities/fsl_debug_console.o
 .debug_macro   0x00000e18       0x22 ./utilities/fsl_debug_console.o
 .debug_macro   0x00000e3a      0x5b3 ./utilities/fsl_debug_console.o
 .debug_macro   0x000013ed       0x10 ./utilities/fsl_debug_console.o
 .debug_macro   0x000013fd       0x58 ./utilities/fsl_debug_console.o
 .debug_macro   0x00001455       0x1c ./utilities/fsl_debug_console.o
 .debug_macro   0x00001471       0x22 ./utilities/fsl_debug_console.o
 .debug_macro   0x00001493       0xfb ./utilities/fsl_debug_console.o
 .debug_macro   0x0000158e      0xeeb ./utilities/fsl_debug_console.o
 .debug_macro   0x00002479       0x40 ./utilities/fsl_debug_console.o
 .debug_macro   0x000024b9     0xec5f ./utilities/fsl_debug_console.o
 .debug_macro   0x00011118     0x12e8 ./utilities/fsl_debug_console.o
 .debug_macro   0x00012400       0x7a ./utilities/fsl_debug_console.o
 .debug_macro   0x0001247a       0xa8 ./utilities/fsl_debug_console.o
 .debug_macro   0x00012522      0x174 ./utilities/fsl_debug_console.o
 .debug_macro   0x00012696       0x50 ./utilities/fsl_debug_console.o
 .debug_macro   0x000126e6       0x70 ./utilities/fsl_debug_console.o
 .debug_macro   0x00012756       0x46 ./utilities/fsl_debug_console.o
 .debug_macro   0x0001279c       0x16 ./utilities/fsl_debug_console.o
 .debug_macro   0x000127b2       0x66 ./utilities/fsl_debug_console.o
 .debug_macro   0x00012818       0x1c ./utilities/fsl_debug_console.o
 .debug_macro   0x00012834       0x1c ./utilities/fsl_debug_console.o
 .debug_macro   0x00012850      0x14e ./utilities/fsl_str.o
 .debug_macro   0x0001299e       0xc4 ./utilities/fsl_str.o
 .debug_macro   0x00012a62       0x1c ./utilities/fsl_str.o
 .debug_macro   0x00012a7e      0x1c7 ./utilities/fsl_str.o
 .debug_macro   0x00012c45       0x56 ./utilities/fsl_str.o
 .debug_macro   0x00012c9b       0x29 ./startup/startup_mk64f12.o
 .debug_macro   0x00012cc4      0x1ed ./source/FlexCAN_Interrupciones.o
 .debug_macro   0x00012eb1       0xd8 ./source/FlexCAN_Interrupciones.o
 .debug_macro   0x00012f89       0x22 ./source/FlexCAN_Interrupciones.o
 .debug_macro   0x00012fab       0x16 ./source/FlexCAN_Interrupciones.o
 .debug_macro   0x00012fc1       0x16 ./source/FlexCAN_Interrupciones.o
 .debug_macro   0x00012fd7       0x16 ./source/FlexCAN_Interrupciones.o
 .debug_macro   0x00012fed      0x1ab ./source/FlexCAN_Interrupciones.o
 .debug_macro   0x00013198       0xf4 ./source/FlexCAN_Interrupciones.o
 .debug_macro   0x0001328c       0x10 ./source/FlexCAN_Interrupciones.o
 .debug_macro   0x0001329c       0x58 ./source/FlexCAN_Interrupciones.o
 .debug_macro   0x000132f4      0x2ca ./source/FlexCAN_Interrupciones.o
 .debug_macro   0x000135be       0x16 ./source/FlexCAN_Interrupciones.o
 .debug_macro   0x000135d4       0x11 ./source/semihost_hardfault.o
 .debug_macro   0x000135e5      0x1d8 ./drivers/fsl_clock.o
 .debug_macro   0x000137bd      0x247 ./drivers/fsl_flexcan.o
 .debug_macro   0x00013a04       0xee ./drivers/fsl_flexcan.o
 .debug_macro   0x00013af2      0x121 ./drivers/fsl_i2c.o
 .debug_macro   0x00013c13       0x1c ./drivers/fsl_i2c.o
 .debug_macro   0x00013c2f      0x122 ./drivers/fsl_pit.o
 .debug_macro   0x00013d51      0x127 ./drivers/fsl_uart.o
 .debug_macro   0x00013e78       0x10 ./drivers/fsl_uart.o
 .debug_macro   0x00013e88       0x98 ./device/system_MK64F12.o
 .debug_macro   0x00013f20      0x11e ./component/uart/fsl_adapter_uart.o
 .debug_macro   0x0001403e       0x16 ./component/uart/fsl_adapter_uart.o
 .debug_macro   0x00014054       0x46 ./component/uart/fsl_adapter_uart.o
 .debug_macro   0x0001409a      0x185 ./component/serial_manager/fsl_component_serial_manager.o
 .debug_macro   0x0001421f       0x6a ./component/serial_manager/fsl_component_serial_manager.o
 .debug_macro   0x00014289      0x14f ./component/serial_manager/fsl_component_serial_port_uart.o
 .debug_macro   0x000143d8      0x180 ./board/board.o
 .debug_macro   0x00014558      0x17d ./board/clock_config.o
 .debug_macro   0x000146d5      0x131 ./board/peripherals.o
 .debug_macro   0x00014806      0x127 ./board/pin_mux.o

.debug_line     0x00000000     0xa8ec
 .debug_line    0x00000000      0x8fb ./utilities/fsl_debug_console.o
 .debug_line    0x000008fb      0xb26 ./utilities/fsl_str.o
 .debug_line    0x00001421      0x911 ./startup/startup_mk64f12.o
 .debug_line    0x00001d32      0x800 ./source/FlexCAN_Interrupciones.o
 .debug_line    0x00002532       0x59 ./source/semihost_hardfault.o
 .debug_line    0x0000258b     0x14fa ./drivers/fsl_clock.o
 .debug_line    0x00003a85     0x1442 ./drivers/fsl_flexcan.o
 .debug_line    0x00004ec7     0x13e7 ./drivers/fsl_i2c.o
 .debug_line    0x000062ae      0x431 ./drivers/fsl_pit.o
 .debug_line    0x000066df     0x14d4 ./drivers/fsl_uart.o
 .debug_line    0x00007bb3      0x3f8 ./device/system_MK64F12.o
 .debug_line    0x00007fab      0x557 ./component/uart/fsl_adapter_uart.o
 .debug_line    0x00008502      0x7f6 ./component/serial_manager/fsl_component_serial_manager.o
 .debug_line    0x00008cf8      0x5b1 ./component/serial_manager/fsl_component_serial_port_uart.o
 .debug_line    0x000092a9      0x577 ./board/board.o
 .debug_line    0x00009820      0x567 ./board/clock_config.o
 .debug_line    0x00009d87      0x4d3 ./board/peripherals.o
 .debug_line    0x0000a25a      0x692 ./board/pin_mux.o

.debug_str      0x00000000    0x86f61
 .debug_str     0x00000000    0x7bce0 ./utilities/fsl_debug_console.o
                              0x7bdfd (size before relaxing)
 .debug_str     0x0007bce0      0xbfe ./utilities/fsl_str.o
                              0x7ab8d (size before relaxing)
 .debug_str     0x0007c8de      0x7ac ./startup/startup_mk64f12.o
                               0x363e (size before relaxing)
 .debug_str     0x0007d08a     0x30e6 ./source/FlexCAN_Interrupciones.o
                              0x7e307 (size before relaxing)
 .debug_str     0x00080170       0x1f ./source/semihost_hardfault.o
                               0x2de3 (size before relaxing)
 .debug_str     0x0008018f     0x1dee ./drivers/fsl_clock.o
                              0x7c53a (size before relaxing)
 .debug_str     0x00081f7d     0x1dfa ./drivers/fsl_flexcan.o
                              0x7da3f (size before relaxing)
 .debug_str     0x00083d77      0xcb1 ./drivers/fsl_i2c.o
                              0x7bc29 (size before relaxing)
 .debug_str     0x00084a28       0xa2 ./drivers/fsl_pit.o
                              0x7a9c9 (size before relaxing)
 .debug_str     0x00084aca      0xe0a ./drivers/fsl_uart.o
                              0x7be74 (size before relaxing)
 .debug_str     0x000858d4      0x11f ./device/system_MK64F12.o
                              0x78423 (size before relaxing)
 .debug_str     0x000859f3      0x2ec ./component/uart/fsl_adapter_uart.o
                              0x7adf5 (size before relaxing)
 .debug_str     0x00085cdf      0x40b ./component/serial_manager/fsl_component_serial_manager.o
                              0x7ae86 (size before relaxing)
 .debug_str     0x000860ea      0x106 ./component/serial_manager/fsl_component_serial_port_uart.o
                              0x7abdd (size before relaxing)
 .debug_str     0x000861f0       0x37 ./board/board.o
                              0x7b5be (size before relaxing)
 .debug_str     0x00086227      0x506 ./board/clock_config.o
                              0x7b027 (size before relaxing)
 .debug_str     0x0008672d       0xec ./board/peripherals.o
                              0x7c278 (size before relaxing)
 .debug_str     0x00086819      0x748 ./board/pin_mux.o
                              0x7b4df (size before relaxing)

.comment        0x00000000       0x49
 .comment       0x00000000       0x49 ./utilities/fsl_debug_console.o
                                 0x4a (size before relaxing)
 .comment       0x00000049       0x4a ./utilities/fsl_str.o
 .comment       0x00000049       0x4a ./startup/startup_mk64f12.o
 .comment       0x00000049       0x4a ./source/FlexCAN_Interrupciones.o
 .comment       0x00000049       0x4a ./source/semihost_hardfault.o
 .comment       0x00000049       0x4a ./drivers/fsl_clock.o
 .comment       0x00000049       0x4a ./drivers/fsl_flexcan.o
 .comment       0x00000049       0x4a ./drivers/fsl_i2c.o
 .comment       0x00000049       0x4a ./drivers/fsl_pit.o
 .comment       0x00000049       0x4a ./drivers/fsl_uart.o
 .comment       0x00000049       0x4a ./device/system_MK64F12.o
 .comment       0x00000049       0x4a ./component/uart/fsl_adapter_uart.o
 .comment       0x00000049       0x4a ./component/serial_manager/fsl_component_serial_manager.o
 .comment       0x00000049       0x4a ./component/serial_manager/fsl_component_serial_port_uart.o
 .comment       0x00000049       0x4a ./board/board.o
 .comment       0x00000049       0x4a ./board/clock_config.o
 .comment       0x00000049       0x4a ./board/peripherals.o
 .comment       0x00000049       0x4a ./board/pin_mux.o
 .comment       0x00000049       0x4a d:/nxp/mcuxpressoide_11.6.1_8255/ide/plugins/com.nxp.mcuxpresso.tools.win32_11.6.1.202207200623/tools/bin/../lib/gcc/arm-none-eabi/10.3.1/../../../../arm-none-eabi/lib/thumb/v7e-m+fp/hard\libcr_nohost_nf.a(_cr__main.o)
 .comment       0x00000049       0x4a d:/nxp/mcuxpressoide_11.6.1_8255/ide/plugins/com.nxp.mcuxpresso.tools.win32_11.6.1.202207200623/tools/bin/../lib/gcc/arm-none-eabi/10.3.1/../../../../arm-none-eabi/lib/thumb/v7e-m+fp/hard\libcr_nohost_nf.a(_cr_assert.o)
 .comment       0x00000049       0x4a d:/nxp/mcuxpressoide_11.6.1_8255/ide/plugins/com.nxp.mcuxpresso.tools.win32_11.6.1.202207200623/tools/bin/../lib/gcc/arm-none-eabi/10.3.1/../../../../arm-none-eabi/lib/thumb/v7e-m+fp/hard\libcr_nohost_nf.a(__ciob.o)
 .comment       0x00000049       0x4a d:/nxp/mcuxpressoide_11.6.1_8255/ide/plugins/com.nxp.mcuxpresso.tools.win32_11.6.1.202207200623/tools/bin/../lib/gcc/arm-none-eabi/10.3.1/../../../../arm-none-eabi/lib/thumb/v7e-m+fp/hard\libcr_nohost_nf.a(__sys_appexit.o)
 .comment       0x00000049       0x4a d:/nxp/mcuxpressoide_11.6.1_8255/ide/plugins/com.nxp.mcuxpresso.tools.win32_11.6.1.202207200623/tools/bin/../lib/gcc/arm-none-eabi/10.3.1/../../../../arm-none-eabi/lib/thumb/v7e-m+fp/hard\libcr_c.a(memcpy.o)
 .comment       0x00000049       0x4a d:/nxp/mcuxpressoide_11.6.1_8255/ide/plugins/com.nxp.mcuxpresso.tools.win32_11.6.1.202207200623/tools/bin/../lib/gcc/arm-none-eabi/10.3.1/../../../../arm-none-eabi/lib/thumb/v7e-m+fp/hard\libcr_c.a(memset.o)
 .comment       0x00000049       0x4a d:/nxp/mcuxpressoide_11.6.1_8255/ide/plugins/com.nxp.mcuxpresso.tools.win32_11.6.1.202207200623/tools/bin/../lib/gcc/arm-none-eabi/10.3.1/../../../../arm-none-eabi/lib/thumb/v7e-m+fp/hard\libcr_c.a(_deferredlazyseek.o)
 .comment       0x00000049       0x4a d:/nxp/mcuxpressoide_11.6.1_8255/ide/plugins/com.nxp.mcuxpresso.tools.win32_11.6.1.202207200623/tools/bin/../lib/gcc/arm-none-eabi/10.3.1/../../../../arm-none-eabi/lib/thumb/v7e-m+fp/hard\libcr_c.a(_fflush.o)
 .comment       0x00000049       0x4a d:/nxp/mcuxpressoide_11.6.1_8255/ide/plugins/com.nxp.mcuxpresso.tools.win32_11.6.1.202207200623/tools/bin/../lib/gcc/arm-none-eabi/10.3.1/../../../../arm-none-eabi/lib/thumb/v7e-m+fp/hard\libcr_c.a(_writebuf.o)
 .comment       0x00000049       0x4a d:/nxp/mcuxpressoide_11.6.1_8255/ide/plugins/com.nxp.mcuxpresso.tools.win32_11.6.1.202207200623/tools/bin/../lib/gcc/arm-none-eabi/10.3.1/../../../../arm-none-eabi/lib/thumb/v7e-m+fp/hard\libcr_c.a(alloc.o)
 .comment       0x00000049       0x4a d:/nxp/mcuxpressoide_11.6.1_8255/ide/plugins/com.nxp.mcuxpresso.tools.win32_11.6.1.202207200623/tools/bin/../lib/gcc/arm-none-eabi/10.3.1/../../../../arm-none-eabi/lib/thumb/v7e-m+fp/hard\libcr_c.a(errno.o)
 .comment       0x00000049       0x4a d:/nxp/mcuxpressoide_11.6.1_8255/ide/plugins/com.nxp.mcuxpresso.tools.win32_11.6.1.202207200623/tools/bin/../lib/gcc/arm-none-eabi/10.3.1/../../../../arm-none-eabi/lib/thumb/v7e-m+fp/hard\libcr_c.a(fputs.o)
 .comment       0x00000049       0x4a d:/nxp/mcuxpressoide_11.6.1_8255/ide/plugins/com.nxp.mcuxpresso.tools.win32_11.6.1.202207200623/tools/bin/../lib/gcc/arm-none-eabi/10.3.1/../../../../arm-none-eabi/lib/thumb/v7e-m+fp/hard\libcr_c.a(fseek.o)
 .comment       0x00000049       0x4a d:/nxp/mcuxpressoide_11.6.1_8255/ide/plugins/com.nxp.mcuxpresso.tools.win32_11.6.1.202207200623/tools/bin/../lib/gcc/arm-none-eabi/10.3.1/../../../../arm-none-eabi/lib/thumb/v7e-m+fp/hard\libcr_c.a(ftell.o)
 .comment       0x00000049       0x4a d:/nxp/mcuxpressoide_11.6.1_8255/ide/plugins/com.nxp.mcuxpresso.tools.win32_11.6.1.202207200623/tools/bin/../lib/gcc/arm-none-eabi/10.3.1/../../../../arm-none-eabi/lib/thumb/v7e-m+fp/hard\libcr_c.a(initio.o)
 .comment       0x00000049       0x4a d:/nxp/mcuxpressoide_11.6.1_8255/ide/plugins/com.nxp.mcuxpresso.tools.win32_11.6.1.202207200623/tools/bin/../lib/gcc/arm-none-eabi/10.3.1/../../../../arm-none-eabi/lib/thumb/v7e-m+fp/hard\libcr_c.a(setvbuf.o)
 .comment       0x00000049       0x4a d:/nxp/mcuxpressoide_11.6.1_8255/ide/plugins/com.nxp.mcuxpresso.tools.win32_11.6.1.202207200623/tools/bin/../lib/gcc/arm-none-eabi/10.3.1/../../../../arm-none-eabi/lib/thumb/v7e-m+fp/hard\libcr_c.a(strlen.o)
 .comment       0x00000049       0x4a d:/nxp/mcuxpressoide_11.6.1_8255/ide/plugins/com.nxp.mcuxpresso.tools.win32_11.6.1.202207200623/tools/bin/../lib/gcc/arm-none-eabi/10.3.1/../../../../arm-none-eabi/lib/thumb/v7e-m+fp/hard\libcr_c.a(__init_alloc.o)
 .comment       0x00000049       0x4a d:/nxp/mcuxpressoide_11.6.1_8255/ide/plugins/com.nxp.mcuxpresso.tools.win32_11.6.1.202207200623/tools/bin/../lib/gcc/arm-none-eabi/10.3.1/../../../../arm-none-eabi/lib/thumb/v7e-m+fp/hard\libcr_c.a(_cr_sbrk.o)
 .comment       0x00000049       0x4a d:/nxp/mcuxpressoide_11.6.1_8255/ide/plugins/com.nxp.mcuxpresso.tools.win32_11.6.1.202207200623/tools/bin/../lib/gcc/arm-none-eabi/10.3.1/../../../../arm-none-eabi/lib/thumb/v7e-m+fp/hard\libcr_c.a(_fdopen.o)
 .comment       0x00000049       0x4a d:/nxp/mcuxpressoide_11.6.1_8255/ide/plugins/com.nxp.mcuxpresso.tools.win32_11.6.1.202207200623/tools/bin/../lib/gcc/arm-none-eabi/10.3.1/../../../../arm-none-eabi/lib/thumb/v7e-m+fp/hard\libcr_c.a(fclose.o)
 .comment       0x00000049       0x4a d:/nxp/mcuxpressoide_11.6.1_8255/ide/plugins/com.nxp.mcuxpresso.tools.win32_11.6.1.202207200623/tools/bin/../lib/gcc/arm-none-eabi/10.3.1/../../../../arm-none-eabi/lib/thumb/v7e-m+fp/hard\libcr_c.a(fflush.o)
 .comment       0x00000049       0x4a d:/nxp/mcuxpressoide_11.6.1_8255/ide/plugins/com.nxp.mcuxpresso.tools.win32_11.6.1.202207200623/tools/bin/../lib/gcc/arm-none-eabi/10.3.1/../../../../arm-none-eabi/lib/thumb/v7e-m+fp/hard\libcr_c.a(remove.o)
 .comment       0x00000049       0x4a d:/nxp/mcuxpressoide_11.6.1_8255/ide/plugins/com.nxp.mcuxpresso.tools.win32_11.6.1.202207200623/tools/bin/../lib/gcc/arm-none-eabi/10.3.1/../../../../arm-none-eabi/lib/thumb/v7e-m+fp/hard\libcr_c.a(_cr_check_heap.o)
 .comment       0x00000049       0x4a d:/nxp/mcuxpressoide_11.6.1_8255/ide/plugins/com.nxp.mcuxpresso.tools.win32_11.6.1.202207200623/tools/bin/../lib/gcc/arm-none-eabi/10.3.1/../../../../arm-none-eabi/lib/thumb/v7e-m+fp/hard\libcr_c.a(_do_fflush.o)
 .comment       0x00000049       0x4a d:/nxp/mcuxpressoide_11.6.1_8255/ide/plugins/com.nxp.mcuxpresso.tools.win32_11.6.1.202207200623/tools/bin/../lib/gcc/arm-none-eabi/10.3.1/../../../../arm-none-eabi/lib/thumb/v7e-m+fp/hard\libcr_nohost_nf.a(__sys_close.o)
 .comment       0x00000049       0x4a d:/nxp/mcuxpressoide_11.6.1_8255/ide/plugins/com.nxp.mcuxpresso.tools.win32_11.6.1.202207200623/tools/bin/../lib/gcc/arm-none-eabi/10.3.1/../../../../arm-none-eabi/lib/thumb/v7e-m+fp/hard\libcr_nohost_nf.a(__sys_flen.o)
 .comment       0x00000049       0x4a d:/nxp/mcuxpressoide_11.6.1_8255/ide/plugins/com.nxp.mcuxpresso.tools.win32_11.6.1.202207200623/tools/bin/../lib/gcc/arm-none-eabi/10.3.1/../../../../arm-none-eabi/lib/thumb/v7e-m+fp/hard\libcr_nohost_nf.a(__sys_istty.o)
 .comment       0x00000049       0x4a d:/nxp/mcuxpressoide_11.6.1_8255/ide/plugins/com.nxp.mcuxpresso.tools.win32_11.6.1.202207200623/tools/bin/../lib/gcc/arm-none-eabi/10.3.1/../../../../arm-none-eabi/lib/thumb/v7e-m+fp/hard\libcr_nohost_nf.a(__sys_remove.o)
 .comment       0x00000049       0x4a d:/nxp/mcuxpressoide_11.6.1_8255/ide/plugins/com.nxp.mcuxpresso.tools.win32_11.6.1.202207200623/tools/bin/../lib/gcc/arm-none-eabi/10.3.1/../../../../arm-none-eabi/lib/thumb/v7e-m+fp/hard\libcr_nohost_nf.a(__sys_seek.o)
 .comment       0x00000049       0x4a d:/nxp/mcuxpressoide_11.6.1_8255/ide/plugins/com.nxp.mcuxpresso.tools.win32_11.6.1.202207200623/tools/bin/../lib/gcc/arm-none-eabi/10.3.1/../../../../arm-none-eabi/lib/thumb/v7e-m+fp/hard\libcr_nohost_nf.a(__sys_tmpnam.o)
 .comment       0x00000049       0x4a d:/nxp/mcuxpressoide_11.6.1_8255/ide/plugins/com.nxp.mcuxpresso.tools.win32_11.6.1.202207200623/tools/bin/../lib/gcc/arm-none-eabi/10.3.1/../../../../arm-none-eabi/lib/thumb/v7e-m+fp/hard\libcr_nohost_nf.a(__sys_write.o)

.ARM.attributes
                0x00000000       0x32
 .ARM.attributes
                0x00000000       0x34 ./utilities/fsl_debug_console.o
 .ARM.attributes
                0x00000034       0x34 ./utilities/fsl_str.o
 .ARM.attributes
                0x00000068       0x34 ./startup/startup_mk64f12.o
 .ARM.attributes
                0x0000009c       0x34 ./source/FlexCAN_Interrupciones.o
 .ARM.attributes
                0x000000d0       0x34 ./source/semihost_hardfault.o
 .ARM.attributes
                0x00000104       0x34 ./drivers/fsl_clock.o
 .ARM.attributes
                0x00000138       0x34 ./drivers/fsl_flexcan.o
 .ARM.attributes
                0x0000016c       0x34 ./drivers/fsl_i2c.o
 .ARM.attributes
                0x000001a0       0x34 ./drivers/fsl_pit.o
 .ARM.attributes
                0x000001d4       0x34 ./drivers/fsl_uart.o
 .ARM.attributes
                0x00000208       0x34 ./device/system_MK64F12.o
 .ARM.attributes
                0x0000023c       0x34 ./component/uart/fsl_adapter_uart.o
 .ARM.attributes
                0x00000270       0x34 ./component/serial_manager/fsl_component_serial_manager.o
 .ARM.attributes
                0x000002a4       0x34 ./component/serial_manager/fsl_component_serial_port_uart.o
 .ARM.attributes
                0x000002d8       0x34 ./board/board.o
 .ARM.attributes
                0x0000030c       0x34 ./board/clock_config.o
 .ARM.attributes
                0x00000340       0x34 ./board/peripherals.o
 .ARM.attributes
                0x00000374       0x34 ./board/pin_mux.o
 .ARM.attributes
                0x000003a8       0x34 d:/nxp/mcuxpressoide_11.6.1_8255/ide/plugins/com.nxp.mcuxpresso.tools.win32_11.6.1.202207200623/tools/bin/../lib/gcc/arm-none-eabi/10.3.1/../../../../arm-none-eabi/lib/thumb/v7e-m+fp/hard\libcr_nohost_nf.a(_cr__main.o)
 .ARM.attributes
                0x000003dc       0x34 d:/nxp/mcuxpressoide_11.6.1_8255/ide/plugins/com.nxp.mcuxpresso.tools.win32_11.6.1.202207200623/tools/bin/../lib/gcc/arm-none-eabi/10.3.1/../../../../arm-none-eabi/lib/thumb/v7e-m+fp/hard\libcr_nohost_nf.a(_cr_assert.o)
 .ARM.attributes
                0x00000410       0x34 d:/nxp/mcuxpressoide_11.6.1_8255/ide/plugins/com.nxp.mcuxpresso.tools.win32_11.6.1.202207200623/tools/bin/../lib/gcc/arm-none-eabi/10.3.1/../../../../arm-none-eabi/lib/thumb/v7e-m+fp/hard\libcr_nohost_nf.a(__ciob.o)
 .ARM.attributes
                0x00000444       0x34 d:/nxp/mcuxpressoide_11.6.1_8255/ide/plugins/com.nxp.mcuxpresso.tools.win32_11.6.1.202207200623/tools/bin/../lib/gcc/arm-none-eabi/10.3.1/../../../../arm-none-eabi/lib/thumb/v7e-m+fp/hard\libcr_nohost_nf.a(__sys_appexit.o)
 .ARM.attributes