C:\Users\Lauta\Documents\MCUXpressoIDE_11.6.1_8255\workspace\FlexCAN_Interrupciones\drivers/fsl_gpio.h:162:20:GPIO_PinWrite	24	static
C:\Users\Lauta\Documents\MCUXpressoIDE_11.6.1_8255\workspace\FlexCAN_Interrupciones\drivers/fsl_gpio.h:221:20:GPIO_PortToggle	16	static
C:\Users\Lauta\Documents\MCUXpressoIDE_11.6.1_8255\workspace\FlexCAN_Interrupciones\drivers/fsl_flexcan.h:1482:24:FLEXCAN_GetMbStatusFlags	16	static
C:\Users\Lauta\Documents\MCUXpressoIDE_11.6.1_8255\workspace\FlexCAN_Interrupciones\drivers/fsl_flexcan.h:1504:20:FLEXCAN_ClearMbStatusFlags	16	static
C:\Users\Lauta\Documents\MCUXpressoIDE_11.6.1_8255\workspace\FlexCAN_Interrupciones\drivers/fsl_flexcan.h:1674:20:FLEXCAN_EnableMbInterrupts	16	static
C:\Users\Lauta\Documents\MCUXpressoIDE_11.6.1_8255\workspace\FlexCAN_Interrupciones\drivers/fsl_pit.h:207:24:PIT_GetStatusFlags	16	static
C:\Users\Lauta\Documents\MCUXpressoIDE_11.6.1_8255\workspace\FlexCAN_Interrupciones\drivers/fsl_pit.h:220:20:PIT_ClearStatusFlags	24	static
../source/FlexCAN_Interrupciones.c:68:5:main	8	static
../source/FlexCAN_Interrupciones.c:124:6:PIT0_IRQHandler	16	static
../source/FlexCAN_Interrupciones.c:145:6:CAN0_ORed_Message_buffer_IRQHandler	16	static
